Archive member included to satisfy reference by file (symbol)

c:/intelfpga/17.1/nios2eds/bin/gnu/h-x86_64-mingw32/bin/../lib/gcc/nios2-elf/5.3.0/../../../../../H-x86_64-mingw32/nios2-elf/lib/mno-hw-mul\libsmallc.a(lib_a-printf.o)
                              obj/default/lights.o (printf)
c:/intelfpga/17.1/nios2eds/bin/gnu/h-x86_64-mingw32/bin/../lib/gcc/nios2-elf/5.3.0/../../../../../H-x86_64-mingw32/nios2-elf/lib/mno-hw-mul\libsmallc.a(lib_a-putchar.o)
                              obj/default/lights.o (putchar)
c:/intelfpga/17.1/nios2eds/bin/gnu/h-x86_64-mingw32/bin/../lib/gcc/nios2-elf/5.3.0/../../../../../H-x86_64-mingw32/nios2-elf/lib/mno-hw-mul\libsmallc.a(lib_a-vfprintf.o)
                              c:/intelfpga/17.1/nios2eds/bin/gnu/h-x86_64-mingw32/bin/../lib/gcc/nios2-elf/5.3.0/../../../../../H-x86_64-mingw32/nios2-elf/lib/mno-hw-mul\libsmallc.a(lib_a-printf.o) (___vfprintf_internal_r)
c:/intelfpga/17.1/nios2eds/bin/gnu/h-x86_64-mingw32/bin/../lib/gcc/nios2-elf/5.3.0/../../../../../H-x86_64-mingw32/nios2-elf/lib/mno-hw-mul\libsmallc.a(lib_a-fvwrite_small_dev.o)
                              c:/intelfpga/17.1/nios2eds/bin/gnu/h-x86_64-mingw32/bin/../lib/gcc/nios2-elf/5.3.0/../../../../../H-x86_64-mingw32/nios2-elf/lib/mno-hw-mul\libsmallc.a(lib_a-printf.o) (__sfvwrite_small_dev)
c:/intelfpga/17.1/nios2eds/bin/gnu/h-x86_64-mingw32/bin/../lib/gcc/nios2-elf/5.3.0/../../../../../H-x86_64-mingw32/nios2-elf/lib/mno-hw-mul\libsmallc.a(lib_a-impure.o)
                              c:/intelfpga/17.1/nios2eds/bin/gnu/h-x86_64-mingw32/bin/../lib/gcc/nios2-elf/5.3.0/../../../../../H-x86_64-mingw32/nios2-elf/lib/mno-hw-mul\libsmallc.a(lib_a-printf.o) (_impure_ptr)
c:/intelfpga/17.1/nios2eds/bin/gnu/h-x86_64-mingw32/bin/../lib/gcc/nios2-elf/5.3.0/../../../../../H-x86_64-mingw32/nios2-elf/lib/mno-hw-mul\libsmallc.a(lib_a-putc.o)
                              c:/intelfpga/17.1/nios2eds/bin/gnu/h-x86_64-mingw32/bin/../lib/gcc/nios2-elf/5.3.0/../../../../../H-x86_64-mingw32/nios2-elf/lib/mno-hw-mul\libsmallc.a(lib_a-putchar.o) (_putc_r)
c:/intelfpga/17.1/nios2eds/bin/gnu/h-x86_64-mingw32/bin/../lib/gcc/nios2-elf/5.3.0/../../../../../H-x86_64-mingw32/nios2-elf/lib/mno-hw-mul\libsmallc.a(lib_a-strlen.o)
                              c:/intelfpga/17.1/nios2eds/bin/gnu/h-x86_64-mingw32/bin/../lib/gcc/nios2-elf/5.3.0/../../../../../H-x86_64-mingw32/nios2-elf/lib/mno-hw-mul\libsmallc.a(lib_a-vfprintf.o) (strlen)
c:/intelfpga/17.1/nios2eds/bin/gnu/h-x86_64-mingw32/bin/../lib/gcc/nios2-elf/5.3.0/../../../../../H-x86_64-mingw32/nios2-elf/lib/mno-hw-mul\libsmallc.a(lib_a-writer.o)
                              c:/intelfpga/17.1/nios2eds/bin/gnu/h-x86_64-mingw32/bin/../lib/gcc/nios2-elf/5.3.0/../../../../../H-x86_64-mingw32/nios2-elf/lib/mno-hw-mul\libsmallc.a(lib_a-fvwrite_small_dev.o) (_write_r)
c:/intelfpga/17.1/nios2eds/bin/gnu/h-x86_64-mingw32/bin/../lib/gcc/nios2-elf/5.3.0/../../../../../H-x86_64-mingw32/nios2-elf/lib/mno-hw-mul\libsmallc.a(lib_a-int_errno.o)
                              c:/intelfpga/17.1/nios2eds/bin/gnu/h-x86_64-mingw32/bin/../lib/gcc/nios2-elf/5.3.0/../../../../../H-x86_64-mingw32/nios2-elf/lib/mno-hw-mul\libsmallc.a(lib_a-writer.o) (errno)
c:/intelfpga/17.1/nios2eds/bin/gnu/h-x86_64-mingw32/bin/../lib/gcc/nios2-elf/5.3.0/mno-hw-mul\libgcc.a(lib2-divmod.o)
                              c:/intelfpga/17.1/nios2eds/bin/gnu/h-x86_64-mingw32/bin/../lib/gcc/nios2-elf/5.3.0/../../../../../H-x86_64-mingw32/nios2-elf/lib/mno-hw-mul\libsmallc.a(lib_a-vfprintf.o) (__udivsi3)
c:/intelfpga/17.1/nios2eds/bin/gnu/h-x86_64-mingw32/bin/../lib/gcc/nios2-elf/5.3.0/mno-hw-mul\libgcc.a(lib2-mul.o)
                              c:/intelfpga/17.1/nios2eds/bin/gnu/h-x86_64-mingw32/bin/../lib/gcc/nios2-elf/5.3.0/../../../../../H-x86_64-mingw32/nios2-elf/lib/mno-hw-mul\libsmallc.a(lib_a-vfprintf.o) (__mulsi3)
../lights_bsp/\libhal_bsp.a(alt_load.o)
                              ../lights_bsp//obj/HAL/src/crt0.o (alt_load)
../lights_bsp/\libhal_bsp.a(alt_main.o)
                              ../lights_bsp//obj/HAL/src/crt0.o (alt_main)
../lights_bsp/\libhal_bsp.a(alt_write.o)
                              c:/intelfpga/17.1/nios2eds/bin/gnu/h-x86_64-mingw32/bin/../lib/gcc/nios2-elf/5.3.0/../../../../../H-x86_64-mingw32/nios2-elf/lib/mno-hw-mul\libsmallc.a(lib_a-writer.o) (write)
../lights_bsp/\libhal_bsp.a(alt_sys_init.o)
                              ../lights_bsp/\libhal_bsp.a(alt_main.o) (alt_irq_init)
../lights_bsp/\libhal_bsp.a(altera_avalon_jtag_uart_fd.o)
                              ../lights_bsp/\libhal_bsp.a(alt_sys_init.o) (altera_avalon_jtag_uart_read_fd)
../lights_bsp/\libhal_bsp.a(altera_avalon_jtag_uart_read.o)
                              ../lights_bsp/\libhal_bsp.a(altera_avalon_jtag_uart_fd.o) (altera_avalon_jtag_uart_read)
../lights_bsp/\libhal_bsp.a(altera_avalon_jtag_uart_write.o)
                              ../lights_bsp/\libhal_bsp.a(altera_avalon_jtag_uart_fd.o) (altera_avalon_jtag_uart_write)
../lights_bsp/\libhal_bsp.a(altera_avalon_timer_sc.o)
                              ../lights_bsp/\libhal_bsp.a(alt_sys_init.o) (alt_avalon_timer_sc_init)
../lights_bsp/\libhal_bsp.a(alt_close.o)
                              ../lights_bsp/\libhal_bsp.a(alt_main.o) (close)
../lights_bsp/\libhal_bsp.a(alt_dcache_flush_all.o)
                              ../lights_bsp/\libhal_bsp.a(alt_load.o) (alt_dcache_flush_all)
../lights_bsp/\libhal_bsp.a(alt_dev.o)
                              ../lights_bsp/\libhal_bsp.a(alt_sys_init.o) (alt_dev_list)
../lights_bsp/\libhal_bsp.a(alt_dev_llist_insert.o)
                              ../lights_bsp/\libhal_bsp.a(alt_sys_init.o) (alt_dev_llist_insert)
../lights_bsp/\libhal_bsp.a(alt_errno.o)
                              ../lights_bsp/\libhal_bsp.a(alt_write.o) (alt_errno)
../lights_bsp/\libhal_bsp.a(alt_icache_flush_all.o)
                              ../lights_bsp/\libhal_bsp.a(alt_load.o) (alt_icache_flush_all)
../lights_bsp/\libhal_bsp.a(alt_iic.o)
                              ../lights_bsp/\libhal_bsp.a(altera_avalon_timer_sc.o) (alt_ic_isr_register)
../lights_bsp/\libhal_bsp.a(alt_iic_isr_register.o)
                              ../lights_bsp/\libhal_bsp.a(alt_iic.o) (alt_iic_isr_register)
../lights_bsp/\libhal_bsp.a(alt_io_redirect.o)
                              ../lights_bsp/\libhal_bsp.a(alt_main.o) (alt_io_redirect)
../lights_bsp/\libhal_bsp.a(alt_irq_entry.o)
                              ../lights_bsp/\libhal_bsp.a(alt_iic_isr_register.o) (alt_irq_entry)
../lights_bsp/\libhal_bsp.a(alt_irq_handler.o)
                              ../lights_bsp/\libhal_bsp.a(alt_iic_isr_register.o) (alt_irq)
../lights_bsp/\libhal_bsp.a(alt_irq_vars.o)
                              ../lights_bsp/\libhal_bsp.a(alt_iic.o) (alt_irq_active)
../lights_bsp/\libhal_bsp.a(alt_open.o)
                              ../lights_bsp/\libhal_bsp.a(alt_io_redirect.o) (open)
../lights_bsp/\libhal_bsp.a(alt_release_fd.o)
                              ../lights_bsp/\libhal_bsp.a(alt_close.o) (alt_release_fd)
../lights_bsp/\libhal_bsp.a(alt_tick.o)
                              ../lights_bsp/\libhal_bsp.a(altera_avalon_timer_sc.o) (_alt_tick_rate)
../lights_bsp/\libhal_bsp.a(altera_nios2_qsys_irq.o)
                              ../lights_bsp/\libhal_bsp.a(alt_sys_init.o) (altera_nios2_qsys_irq_init)
../lights_bsp/\libhal_bsp.a(alt_exception_entry.o)
                              ../lights_bsp/\libhal_bsp.a(alt_irq_entry.o) (alt_exception)
../lights_bsp/\libhal_bsp.a(alt_find_dev.o)
                              ../lights_bsp/\libhal_bsp.a(alt_open.o) (alt_find_dev)
../lights_bsp/\libhal_bsp.a(alt_find_file.o)
                              ../lights_bsp/\libhal_bsp.a(alt_open.o) (alt_find_file)
../lights_bsp/\libhal_bsp.a(alt_get_fd.o)
                              ../lights_bsp/\libhal_bsp.a(alt_open.o) (alt_get_fd)
../lights_bsp/\libhal_bsp.a(alt_icache_flush.o)
                              ../lights_bsp/\libhal_bsp.a(alt_icache_flush_all.o) (alt_icache_flush)
c:/intelfpga/17.1/nios2eds/bin/gnu/h-x86_64-mingw32/bin/../lib/gcc/nios2-elf/5.3.0/../../../../../H-x86_64-mingw32/nios2-elf/lib/mno-hw-mul\libsmallc.a(lib_a-exit.o)
                              ../lights_bsp/\libhal_bsp.a(alt_main.o) (exit)
c:/intelfpga/17.1/nios2eds/bin/gnu/h-x86_64-mingw32/bin/../lib/gcc/nios2-elf/5.3.0/../../../../../H-x86_64-mingw32/nios2-elf/lib/mno-hw-mul\libsmallc.a(lib_a-memcmp.o)
                              ../lights_bsp/\libhal_bsp.a(alt_find_dev.o) (memcmp)
c:/intelfpga/17.1/nios2eds/bin/gnu/h-x86_64-mingw32/bin/../lib/gcc/nios2-elf/5.3.0/../../../../../H-x86_64-mingw32/nios2-elf/lib/mno-hw-mul\libsmallc.a(lib_a-__call_atexit.o)
                              c:/intelfpga/17.1/nios2eds/bin/gnu/h-x86_64-mingw32/bin/../lib/gcc/nios2-elf/5.3.0/../../../../../H-x86_64-mingw32/nios2-elf/lib/mno-hw-mul\libsmallc.a(lib_a-exit.o) (__call_exitprocs)
../lights_bsp/\libhal_bsp.a(alt_exit.o)
                              c:/intelfpga/17.1/nios2eds/bin/gnu/h-x86_64-mingw32/bin/../lib/gcc/nios2-elf/5.3.0/../../../../../H-x86_64-mingw32/nios2-elf/lib/mno-hw-mul\libsmallc.a(lib_a-exit.o) (_exit)

Allocating common symbols
Common symbol       size              file

alt_irq             0x100             ../lights_bsp/\libhal_bsp.a(alt_irq_handler.o)
errno               0x4               c:/intelfpga/17.1/nios2eds/bin/gnu/h-x86_64-mingw32/bin/../lib/gcc/nios2-elf/5.3.0/../../../../../H-x86_64-mingw32/nios2-elf/lib/mno-hw-mul\libsmallc.a(lib_a-int_errno.o)

Memory Configuration

Name             Origin             Length             Attributes
reset            0x0000000000008000 0x0000000000000020
onchip_mem       0x0000000000008020 0x0000000000004fe0
*default*        0x0000000000000000 0xffffffffffffffff

Linker script and memory map

LOAD ../lights_bsp//obj/HAL/src/crt0.o
LOAD obj/default/lights.o
LOAD c:/intelfpga/17.1/nios2eds/bin/gnu/h-x86_64-mingw32/bin/../lib/gcc/nios2-elf/5.3.0/../../../../../H-x86_64-mingw32/nios2-elf/lib/mno-hw-mul\libstdc++.a
LOAD c:/intelfpga/17.1/nios2eds/bin/gnu/h-x86_64-mingw32/bin/../lib/gcc/nios2-elf/5.3.0/../../../../../H-x86_64-mingw32/nios2-elf/lib/mno-hw-mul\libm.a
LOAD c:/intelfpga/17.1/nios2eds/bin/gnu/h-x86_64-mingw32/bin/../lib/gcc/nios2-elf/5.3.0/mno-hw-mul\libgcc.a
START GROUP
LOAD c:/intelfpga/17.1/nios2eds/bin/gnu/h-x86_64-mingw32/bin/../lib/gcc/nios2-elf/5.3.0/../../../../../H-x86_64-mingw32/nios2-elf/lib/mno-hw-mul\libsmallc.a
LOAD c:/intelfpga/17.1/nios2eds/bin/gnu/h-x86_64-mingw32/bin/../lib/gcc/nios2-elf/5.3.0/mno-hw-mul\libgcc.a
LOAD ../lights_bsp/\libhal_bsp.a
LOAD c:/intelfpga/17.1/nios2eds/bin/gnu/h-x86_64-mingw32/bin/../lib/gcc/nios2-elf/5.3.0/../../../../../H-x86_64-mingw32/nios2-elf/lib/mno-hw-mul\libm.a
END GROUP
LOAD c:/intelfpga/17.1/nios2eds/bin/gnu/h-x86_64-mingw32/bin/../lib/gcc/nios2-elf/5.3.0/mno-hw-mul\libgcc.a
                0x0000000000008000                __alt_mem_onchip_mem = 0x8000

.entry          0x0000000000008000       0x20
 *(.entry)
 .entry         0x0000000000008000       0x20 ../lights_bsp//obj/HAL/src/crt0.o
                0x0000000000008000                __reset

.exceptions     0x0000000000008020      0x1a0
                0x0000000000008020                PROVIDE (__ram_exceptions_start, ABSOLUTE (.))
                0x0000000000008020                . = ALIGN (0x20)
 *(.irq)
 *(.exceptions.entry.label)
 .exceptions.entry.label
                0x0000000000008020        0x0 ../lights_bsp/\libhal_bsp.a(alt_irq_entry.o)
                0x0000000000008020                alt_irq_entry
 .exceptions.entry.label
                0x0000000000008020        0x0 ../lights_bsp/\libhal_bsp.a(alt_exception_entry.o)
                0x0000000000008020                alt_exception
 *(.exceptions.entry.user)
 *(.exceptions.entry.ecc_fatal)
 *(.exceptions.entry)
 .exceptions.entry
                0x0000000000008020       0x54 ../lights_bsp/\libhal_bsp.a(alt_exception_entry.o)
 *(.exceptions.irqtest.user)
 *(.exceptions.irqtest)
 .exceptions.irqtest
                0x0000000000008074       0x10 ../lights_bsp/\libhal_bsp.a(alt_irq_entry.o)
 *(.exceptions.irqhandler.user)
 *(.exceptions.irqhandler)
 .exceptions.irqhandler
                0x0000000000008084        0x4 ../lights_bsp/\libhal_bsp.a(alt_irq_entry.o)
 *(.exceptions.irqreturn.user)
 *(.exceptions.irqreturn)
 .exceptions.irqreturn
                0x0000000000008088        0x4 ../lights_bsp/\libhal_bsp.a(alt_irq_entry.o)
 *(.exceptions.notirq.label)
 .exceptions.notirq.label
                0x000000000000808c        0x0 ../lights_bsp/\libhal_bsp.a(alt_irq_entry.o)
 *(.exceptions.notirq.user)
 *(.exceptions.notirq)
 .exceptions.notirq
                0x000000000000808c        0x8 ../lights_bsp/\libhal_bsp.a(alt_exception_entry.o)
 *(.exceptions.soft.user)
 *(.exceptions.soft)
 *(.exceptions.unknown.user)
 *(.exceptions.unknown)
 .exceptions.unknown
                0x0000000000008094        0x4 ../lights_bsp/\libhal_bsp.a(alt_exception_entry.o)
 *(.exceptions.exit.label)
 .exceptions.exit.label
                0x0000000000008098        0x0 ../lights_bsp/\libhal_bsp.a(alt_irq_entry.o)
 .exceptions.exit.label
                0x0000000000008098        0x0 ../lights_bsp/\libhal_bsp.a(alt_exception_entry.o)
 *(.exceptions.exit.user)
 *(.exceptions.exit)
 .exceptions.exit
                0x0000000000008098       0x54 ../lights_bsp/\libhal_bsp.a(alt_exception_entry.o)
 *(.exceptions)
 .exceptions    0x00000000000080ec       0xd4 ../lights_bsp/\libhal_bsp.a(alt_irq_handler.o)
                0x00000000000080ec                alt_irq_handler
                0x00000000000081c0                PROVIDE (__ram_exceptions_end, ABSOLUTE (.))
                0x0000000000008020                PROVIDE (__flash_exceptions_start, LOADADDR (.exceptions))

.text           0x00000000000081c0     0x21a8
                [!provide]                        PROVIDE (stext, ABSOLUTE (.))
 *(.interp)
 *(.hash)
 *(.dynsym)
 *(.dynstr)
 *(.gnu.version)
 *(.gnu.version_d)
 *(.gnu.version_r)
 *(.rel.init)
 *(.rela.init)
 *(.rel.text .rel.text.* .rel.gnu.linkonce.t.*)
 *(.rela.text .rela.text.* .rela.gnu.linkonce.t.*)
 *(.rel.fini)
 *(.rela.fini)
 *(.rel.rodata .rel.rodata.* .rel.gnu.linkonce.r.*)
 *(.rela.rodata .rela.rodata.* .rela.gnu.linkonce.r.*)
 *(.rel.data .rel.data.* .rel.gnu.linkonce.d.*)
 *(.rela.data .rela.data.* .rela.gnu.linkonce.d.*)
 *(.rel.tdata .rel.tdata.* .rel.gnu.linkonce.td.*)
 *(.rela.tdata .rela.tdata.* .rela.gnu.linkonce.td.*)
 *(.rel.tbss .rel.tbss.* .rel.gnu.linkonce.tb.*)
 *(.rela.tbss .rela.tbss.* .rela.gnu.linkonce.tb.*)
 *(.rel.ctors)
 *(.rela.ctors)
 *(.rel.dtors)
 *(.rela.dtors)
 *(.rel.got)
 *(.rela.got)
 *(.rel.sdata .rel.sdata.* .rel.gnu.linkonce.s.*)
 *(.rela.sdata .rela.sdata.* .rela.gnu.linkonce.s.*)
 *(.rel.sbss .rel.sbss.* .rel.gnu.linkonce.sb.*)
 *(.rela.sbss .rela.sbss.* .rela.gnu.linkonce.sb.*)
 *(.rel.sdata2 .rel.sdata2.* .rel.gnu.linkonce.s2.*)
 *(.rela.sdata2 .rela.sdata2.* .rela.gnu.linkonce.s2.*)
 *(.rel.sbss2 .rel.sbss2.* .rel.gnu.linkonce.sb2.*)
 *(.rela.sbss2 .rela.sbss2.* .rela.gnu.linkonce.sb2.*)
 *(.rel.bss .rel.bss.* .rel.gnu.linkonce.b.*)
 *(.rela.bss .rela.bss.* .rela.gnu.linkonce.b.*)
 *(.rel.plt)
 *(.rela.plt)
 *(.rel.dyn)
 *(.init)
 *(.plt)
 *(.text .stub .text.* .gnu.linkonce.t.*)
 .text          0x00000000000081c0       0x3c ../lights_bsp//obj/HAL/src/crt0.o
                0x00000000000081c0                _start
 .text          0x00000000000081fc       0x90 obj/default/lights.o
                0x00000000000081fc                main
 .text          0x000000000000828c        0x0 c:/intelfpga/17.1/nios2eds/bin/gnu/h-x86_64-mingw32/bin/../lib/gcc/nios2-elf/5.3.0/../../../../../H-x86_64-mingw32/nios2-elf/lib/mno-hw-mul\libsmallc.a(lib_a-printf.o)
 .text._printf_r
                0x000000000000828c       0x3c c:/intelfpga/17.1/nios2eds/bin/gnu/h-x86_64-mingw32/bin/../lib/gcc/nios2-elf/5.3.0/../../../../../H-x86_64-mingw32/nios2-elf/lib/mno-hw-mul\libsmallc.a(lib_a-printf.o)
                0x000000000000828c                _printf_r
 .text.printf   0x00000000000082c8       0x4c c:/intelfpga/17.1/nios2eds/bin/gnu/h-x86_64-mingw32/bin/../lib/gcc/nios2-elf/5.3.0/../../../../../H-x86_64-mingw32/nios2-elf/lib/mno-hw-mul\libsmallc.a(lib_a-printf.o)
                0x00000000000082c8                printf
 .text          0x0000000000008314        0x0 c:/intelfpga/17.1/nios2eds/bin/gnu/h-x86_64-mingw32/bin/../lib/gcc/nios2-elf/5.3.0/../../../../../H-x86_64-mingw32/nios2-elf/lib/mno-hw-mul\libsmallc.a(lib_a-putchar.o)
 .text._putchar_r
                0x0000000000008314        0x8 c:/intelfpga/17.1/nios2eds/bin/gnu/h-x86_64-mingw32/bin/../lib/gcc/nios2-elf/5.3.0/../../../../../H-x86_64-mingw32/nios2-elf/lib/mno-hw-mul\libsmallc.a(lib_a-putchar.o)
                0x0000000000008314                _putchar_r
 .text.putchar  0x000000000000831c       0x1c c:/intelfpga/17.1/nios2eds/bin/gnu/h-x86_64-mingw32/bin/../lib/gcc/nios2-elf/5.3.0/../../../../../H-x86_64-mingw32/nios2-elf/lib/mno-hw-mul\libsmallc.a(lib_a-putchar.o)
                0x000000000000831c                putchar
 .text          0x0000000000008338        0x0 c:/intelfpga/17.1/nios2eds/bin/gnu/h-x86_64-mingw32/bin/../lib/gcc/nios2-elf/5.3.0/../../../../../H-x86_64-mingw32/nios2-elf/lib/mno-hw-mul\libsmallc.a(lib_a-vfprintf.o)
 .text.print_repeat
                0x0000000000008338       0x6c c:/intelfpga/17.1/nios2eds/bin/gnu/h-x86_64-mingw32/bin/../lib/gcc/nios2-elf/5.3.0/../../../../../H-x86_64-mingw32/nios2-elf/lib/mno-hw-mul\libsmallc.a(lib_a-vfprintf.o)
 .text.___vfprintf_internal_r
                0x00000000000083a4      0x52c c:/intelfpga/17.1/nios2eds/bin/gnu/h-x86_64-mingw32/bin/../lib/gcc/nios2-elf/5.3.0/../../../../../H-x86_64-mingw32/nios2-elf/lib/mno-hw-mul\libsmallc.a(lib_a-vfprintf.o)
                0x00000000000083a4                ___vfprintf_internal_r
 .text.__vfprintf_internal
                0x00000000000088d0       0x1c c:/intelfpga/17.1/nios2eds/bin/gnu/h-x86_64-mingw32/bin/../lib/gcc/nios2-elf/5.3.0/../../../../../H-x86_64-mingw32/nios2-elf/lib/mno-hw-mul\libsmallc.a(lib_a-vfprintf.o)
                0x00000000000088d0                __vfprintf_internal
 .text          0x00000000000088ec        0x0 c:/intelfpga/17.1/nios2eds/bin/gnu/h-x86_64-mingw32/bin/../lib/gcc/nios2-elf/5.3.0/../../../../../H-x86_64-mingw32/nios2-elf/lib/mno-hw-mul\libsmallc.a(lib_a-fvwrite_small_dev.o)
 .text.__sfvwrite_small_dev
                0x00000000000088ec       0xb8 c:/intelfpga/17.1/nios2eds/bin/gnu/h-x86_64-mingw32/bin/../lib/gcc/nios2-elf/5.3.0/../../../../../H-x86_64-mingw32/nios2-elf/lib/mno-hw-mul\libsmallc.a(lib_a-fvwrite_small_dev.o)
                0x00000000000088ec                __sfvwrite_small_dev
 .text          0x00000000000089a4        0x0 c:/intelfpga/17.1/nios2eds/bin/gnu/h-x86_64-mingw32/bin/../lib/gcc/nios2-elf/5.3.0/../../../../../H-x86_64-mingw32/nios2-elf/lib/mno-hw-mul\libsmallc.a(lib_a-impure.o)
 .text          0x00000000000089a4        0x0 c:/intelfpga/17.1/nios2eds/bin/gnu/h-x86_64-mingw32/bin/../lib/gcc/nios2-elf/5.3.0/../../../../../H-x86_64-mingw32/nios2-elf/lib/mno-hw-mul\libsmallc.a(lib_a-putc.o)
 .text.putc     0x00000000000089a4       0x54 c:/intelfpga/17.1/nios2eds/bin/gnu/h-x86_64-mingw32/bin/../lib/gcc/nios2-elf/5.3.0/../../../../../H-x86_64-mingw32/nios2-elf/lib/mno-hw-mul\libsmallc.a(lib_a-putc.o)
                0x00000000000089a4                putc
 .text._putc_r  0x00000000000089f8       0x58 c:/intelfpga/17.1/nios2eds/bin/gnu/h-x86_64-mingw32/bin/../lib/gcc/nios2-elf/5.3.0/../../../../../H-x86_64-mingw32/nios2-elf/lib/mno-hw-mul\libsmallc.a(lib_a-putc.o)
                0x00000000000089f8                _putc_r
 .text          0x0000000000008a50        0x0 c:/intelfpga/17.1/nios2eds/bin/gnu/h-x86_64-mingw32/bin/../lib/gcc/nios2-elf/5.3.0/../../../../../H-x86_64-mingw32/nios2-elf/lib/mno-hw-mul\libsmallc.a(lib_a-strlen.o)
 .text.strlen   0x0000000000008a50       0x1c c:/intelfpga/17.1/nios2eds/bin/gnu/h-x86_64-mingw32/bin/../lib/gcc/nios2-elf/5.3.0/../../../../../H-x86_64-mingw32/nios2-elf/lib/mno-hw-mul\libsmallc.a(lib_a-strlen.o)
                0x0000000000008a50                strlen
 .text          0x0000000000008a6c        0x0 c:/intelfpga/17.1/nios2eds/bin/gnu/h-x86_64-mingw32/bin/../lib/gcc/nios2-elf/5.3.0/../../../../../H-x86_64-mingw32/nios2-elf/lib/mno-hw-mul\libsmallc.a(lib_a-writer.o)
 .text._write_r
                0x0000000000008a6c       0x58 c:/intelfpga/17.1/nios2eds/bin/gnu/h-x86_64-mingw32/bin/../lib/gcc/nios2-elf/5.3.0/../../../../../H-x86_64-mingw32/nios2-elf/lib/mno-hw-mul\libsmallc.a(lib_a-writer.o)
                0x0000000000008a6c                _write_r
 .text          0x0000000000008ac4        0x0 c:/intelfpga/17.1/nios2eds/bin/gnu/h-x86_64-mingw32/bin/../lib/gcc/nios2-elf/5.3.0/../../../../../H-x86_64-mingw32/nios2-elf/lib/mno-hw-mul\libsmallc.a(lib_a-int_errno.o)
 .text          0x0000000000008ac4      0x1b4 c:/intelfpga/17.1/nios2eds/bin/gnu/h-x86_64-mingw32/bin/../lib/gcc/nios2-elf/5.3.0/mno-hw-mul\libgcc.a(lib2-divmod.o)
                0x0000000000008ac4                __divsi3
                0x0000000000008b48                __modsi3
                0x0000000000008bbc                __udivsi3
                0x0000000000008c20                __umodsi3
 .text          0x0000000000008c78       0x28 c:/intelfpga/17.1/nios2eds/bin/gnu/h-x86_64-mingw32/bin/../lib/gcc/nios2-elf/5.3.0/mno-hw-mul\libgcc.a(lib2-mul.o)
                0x0000000000008c78                __mulsi3
 .text          0x0000000000008ca0       0xec ../lights_bsp/\libhal_bsp.a(alt_load.o)
                0x0000000000008d08                alt_load
 .text          0x0000000000008d8c       0x6c ../lights_bsp/\libhal_bsp.a(alt_main.o)
                0x0000000000008d8c                alt_main
 .text          0x0000000000008df8      0x13c ../lights_bsp/\libhal_bsp.a(alt_write.o)
                0x0000000000008e34                write
 .text          0x0000000000008f34       0xbc ../lights_bsp/\libhal_bsp.a(alt_sys_init.o)
                0x0000000000008f68                alt_irq_init
                0x0000000000008fa0                alt_sys_init
 .text          0x0000000000008ff0       0xc0 ../lights_bsp/\libhal_bsp.a(altera_avalon_jtag_uart_fd.o)
                0x0000000000008ff0                altera_avalon_jtag_uart_read_fd
                0x0000000000009050                altera_avalon_jtag_uart_write_fd
 .text          0x00000000000090b0       0xec ../lights_bsp/\libhal_bsp.a(altera_avalon_jtag_uart_read.o)
                0x00000000000090b0                altera_avalon_jtag_uart_read
 .text          0x000000000000919c       0x94 ../lights_bsp/\libhal_bsp.a(altera_avalon_jtag_uart_write.o)
                0x000000000000919c                altera_avalon_jtag_uart_write
 .text          0x0000000000009230       0xf4 ../lights_bsp/\libhal_bsp.a(altera_avalon_timer_sc.o)
                0x00000000000092a8                alt_avalon_timer_sc_init
 .text          0x0000000000009324      0x114 ../lights_bsp/\libhal_bsp.a(alt_close.o)
                0x0000000000009360                close
 .text          0x0000000000009438       0x20 ../lights_bsp/\libhal_bsp.a(alt_dcache_flush_all.o)
                0x0000000000009438                alt_dcache_flush_all
 .text          0x0000000000009458       0x2c ../lights_bsp/\libhal_bsp.a(alt_dev.o)
 .text          0x0000000000009484       0xe0 ../lights_bsp/\libhal_bsp.a(alt_dev_llist_insert.o)
                0x00000000000094c0                alt_dev_llist_insert
 .text          0x0000000000009564        0x0 ../lights_bsp/\libhal_bsp.a(alt_errno.o)
 .text          0x0000000000009564       0x34 ../lights_bsp/\libhal_bsp.a(alt_icache_flush_all.o)
                0x0000000000009564                alt_icache_flush_all
 .text          0x0000000000009598      0x1b0 ../lights_bsp/\libhal_bsp.a(alt_iic.o)
                0x0000000000009598                alt_ic_isr_register
                0x00000000000095e8                alt_ic_irq_enable
                0x0000000000009670                alt_ic_irq_disable
                0x00000000000096fc                alt_ic_irq_enabled
 .text          0x0000000000009748       0xf0 ../lights_bsp/\libhal_bsp.a(alt_iic_isr_register.o)
                0x0000000000009748                alt_iic_isr_register
 .text          0x0000000000009838      0x160 ../lights_bsp/\libhal_bsp.a(alt_io_redirect.o)
                0x000000000000991c                alt_io_redirect
 .text          0x0000000000009998        0x0 ../lights_bsp/\libhal_bsp.a(alt_irq_entry.o)
 .text          0x0000000000009998        0x0 ../lights_bsp/\libhal_bsp.a(alt_irq_handler.o)
 .text          0x0000000000009998        0x0 ../lights_bsp/\libhal_bsp.a(alt_irq_vars.o)
 .text          0x0000000000009998      0x284 ../lights_bsp/\libhal_bsp.a(alt_open.o)
                0x0000000000009ac0                open
 .text          0x0000000000009c1c       0x84 ../lights_bsp/\libhal_bsp.a(alt_release_fd.o)
                0x0000000000009c1c                alt_release_fd
 .text          0x0000000000009ca0      0x1a4 ../lights_bsp/\libhal_bsp.a(alt_tick.o)
                0x0000000000009ca0                alt_alarm_stop
                0x0000000000009d3c                alt_tick
 .text          0x0000000000009e44       0x24 ../lights_bsp/\libhal_bsp.a(altera_nios2_qsys_irq.o)
                0x0000000000009e44                altera_nios2_qsys_irq_init
 .text          0x0000000000009e68        0x0 ../lights_bsp/\libhal_bsp.a(alt_exception_entry.o)
 .text          0x0000000000009e68       0x90 ../lights_bsp/\libhal_bsp.a(alt_find_dev.o)
                0x0000000000009e68                alt_find_dev
 .text          0x0000000000009ef8      0x108 ../lights_bsp/\libhal_bsp.a(alt_find_file.o)
                0x0000000000009ef8                alt_find_file
 .text          0x000000000000a000       0xc4 ../lights_bsp/\libhal_bsp.a(alt_get_fd.o)
                0x000000000000a000                alt_get_fd
 .text          0x000000000000a0c4       0x90 ../lights_bsp/\libhal_bsp.a(alt_icache_flush.o)
                0x000000000000a0c4                alt_icache_flush
 .text          0x000000000000a154        0x0 c:/intelfpga/17.1/nios2eds/bin/gnu/h-x86_64-mingw32/bin/../lib/gcc/nios2-elf/5.3.0/../../../../../H-x86_64-mingw32/nios2-elf/lib/mno-hw-mul\libsmallc.a(lib_a-exit.o)
 .text.exit     0x000000000000a154       0x20 c:/intelfpga/17.1/nios2eds/bin/gnu/h-x86_64-mingw32/bin/../lib/gcc/nios2-elf/5.3.0/../../../../../H-x86_64-mingw32/nios2-elf/lib/mno-hw-mul\libsmallc.a(lib_a-exit.o)
                0x000000000000a154                exit
 .text          0x000000000000a174        0x0 c:/intelfpga/17.1/nios2eds/bin/gnu/h-x86_64-mingw32/bin/../lib/gcc/nios2-elf/5.3.0/../../../../../H-x86_64-mingw32/nios2-elf/lib/mno-hw-mul\libsmallc.a(lib_a-memcmp.o)
 .text.memcmp   0x000000000000a174       0x30 c:/intelfpga/17.1/nios2eds/bin/gnu/h-x86_64-mingw32/bin/../lib/gcc/nios2-elf/5.3.0/../../../../../H-x86_64-mingw32/nios2-elf/lib/mno-hw-mul\libsmallc.a(lib_a-memcmp.o)
                0x000000000000a174                memcmp
 .text          0x000000000000a1a4        0x0 c:/intelfpga/17.1/nios2eds/bin/gnu/h-x86_64-mingw32/bin/../lib/gcc/nios2-elf/5.3.0/../../../../../H-x86_64-mingw32/nios2-elf/lib/mno-hw-mul\libsmallc.a(lib_a-__call_atexit.o)
 .text.__call_exitprocs
                0x000000000000a1a4      0x190 c:/intelfpga/17.1/nios2eds/bin/gnu/h-x86_64-mingw32/bin/../lib/gcc/nios2-elf/5.3.0/../../../../../H-x86_64-mingw32/nios2-elf/lib/mno-hw-mul\libsmallc.a(lib_a-__call_atexit.o)
                0x000000000000a1a4                __call_exitprocs
 .text          0x000000000000a334       0x34 ../lights_bsp/\libhal_bsp.a(alt_exit.o)
                0x000000000000a334                _exit
 *(.gnu.warning.*)
 *(.fini)
                [!provide]                        PROVIDE (__etext, ABSOLUTE (.))
                [!provide]                        PROVIDE (_etext, ABSOLUTE (.))
                [!provide]                        PROVIDE (etext, ABSOLUTE (.))
 *(.eh_frame_hdr)
                0x000000000000a368                . = ALIGN (0x4)
                [!provide]                        PROVIDE (__preinit_array_start, ABSOLUTE (.))
 *(.preinit_array)
                [!provide]                        PROVIDE (__preinit_array_end, ABSOLUTE (.))
                [!provide]                        PROVIDE (__init_array_start, ABSOLUTE (.))
 *(.init_array)
                [!provide]                        PROVIDE (__init_array_end, ABSOLUTE (.))
                [!provide]                        PROVIDE (__fini_array_start, ABSOLUTE (.))
 *(.fini_array)
                [!provide]                        PROVIDE (__fini_array_end, ABSOLUTE (.))
 *(.eh_frame)
 *(.gcc_except_table .gcc_except_table.*)
 *(.dynamic)
                [!provide]                        PROVIDE (__CTOR_LIST__, ABSOLUTE (.))
 *(.ctors)
 *(SORT(.ctors.*))
                [!provide]                        PROVIDE (__CTOR_END__, ABSOLUTE (.))
                [!provide]                        PROVIDE (__DTOR_LIST__, ABSOLUTE (.))
 *(.dtors)
 *(SORT(.dtors.*))
                [!provide]                        PROVIDE (__DTOR_END__, ABSOLUTE (.))
 *(.jcr)
                0x000000000000a368                . = ALIGN (0x4)

.rodata         0x000000000000a368       0x48
                0x000000000000a368                PROVIDE (__ram_rodata_start, ABSOLUTE (.))
                0x000000000000a368                . = ALIGN (0x4)
 *(.rodata .rodata.* .gnu.linkonce.r.*)
 .rodata        0x000000000000a368       0x1a obj/default/lights.o
 *fill*         0x000000000000a382        0x2 
 .rodata        0x000000000000a384        0xf ../lights_bsp/\libhal_bsp.a(alt_main.o)
 *fill*         0x000000000000a393        0x1 
 .rodata        0x000000000000a394        0xf ../lights_bsp/\libhal_bsp.a(alt_sys_init.o)
 *fill*         0x000000000000a3a3        0x1 
 .rodata        0x000000000000a3a4        0xa ../lights_bsp/\libhal_bsp.a(alt_dev.o)
 *(.rodata1)
                0x000000000000a3b0                . = ALIGN (0x4)
 *fill*         0x000000000000a3ae        0x2 
                0x000000000000a3b0                PROVIDE (__ram_rodata_end, ABSOLUTE (.))
                0x000000000000a368                PROVIDE (__flash_rodata_start, LOADADDR (.rodata))

.rwdata         0x000000000000a3b0      0x2e0 load address 0x000000000000a690
                0x000000000000a3b0                PROVIDE (__ram_rwdata_start, ABSOLUTE (.))
                0x000000000000a3b0                . = ALIGN (0x4)
 *(.got.plt)
 *(.got)
 *(.data1)
 *(.data .data.* .gnu.linkonce.d.*)
 .data          0x000000000000a3b0        0x0 ../lights_bsp//obj/HAL/src/crt0.o
 .data          0x000000000000a3b0        0x0 obj/default/lights.o
 .data          0x000000000000a3b0        0x0 c:/intelfpga/17.1/nios2eds/bin/gnu/h-x86_64-mingw32/bin/../lib/gcc/nios2-elf/5.3.0/../../../../../H-x86_64-mingw32/nios2-elf/lib/mno-hw-mul\libsmallc.a(lib_a-printf.o)
 .data          0x000000000000a3b0        0x0 c:/intelfpga/17.1/nios2eds/bin/gnu/h-x86_64-mingw32/bin/../lib/gcc/nios2-elf/5.3.0/../../../../../H-x86_64-mingw32/nios2-elf/lib/mno-hw-mul\libsmallc.a(lib_a-putchar.o)
 .data          0x000000000000a3b0        0x0 c:/intelfpga/17.1/nios2eds/bin/gnu/h-x86_64-mingw32/bin/../lib/gcc/nios2-elf/5.3.0/../../../../../H-x86_64-mingw32/nios2-elf/lib/mno-hw-mul\libsmallc.a(lib_a-vfprintf.o)
 .data          0x000000000000a3b0        0x0 c:/intelfpga/17.1/nios2eds/bin/gnu/h-x86_64-mingw32/bin/../lib/gcc/nios2-elf/5.3.0/../../../../../H-x86_64-mingw32/nios2-elf/lib/mno-hw-mul\libsmallc.a(lib_a-fvwrite_small_dev.o)
 .data          0x000000000000a3b0        0x0 c:/intelfpga/17.1/nios2eds/bin/gnu/h-x86_64-mingw32/bin/../lib/gcc/nios2-elf/5.3.0/../../../../../H-x86_64-mingw32/nios2-elf/lib/mno-hw-mul\libsmallc.a(lib_a-impure.o)
 .data.impure_data
                0x000000000000a3b0       0xe0 c:/intelfpga/17.1/nios2eds/bin/gnu/h-x86_64-mingw32/bin/../lib/gcc/nios2-elf/5.3.0/../../../../../H-x86_64-mingw32/nios2-elf/lib/mno-hw-mul\libsmallc.a(lib_a-impure.o)
 .data          0x000000000000a490        0x0 c:/intelfpga/17.1/nios2eds/bin/gnu/h-x86_64-mingw32/bin/../lib/gcc/nios2-elf/5.3.0/../../../../../H-x86_64-mingw32/nios2-elf/lib/mno-hw-mul\libsmallc.a(lib_a-putc.o)
 .data          0x000000000000a490        0x0 c:/intelfpga/17.1/nios2eds/bin/gnu/h-x86_64-mingw32/bin/../lib/gcc/nios2-elf/5.3.0/../../../../../H-x86_64-mingw32/nios2-elf/lib/mno-hw-mul\libsmallc.a(lib_a-strlen.o)
 .data          0x000000000000a490        0x0 c:/intelfpga/17.1/nios2eds/bin/gnu/h-x86_64-mingw32/bin/../lib/gcc/nios2-elf/5.3.0/../../../../../H-x86_64-mingw32/nios2-elf/lib/mno-hw-mul\libsmallc.a(lib_a-writer.o)
 .data          0x000000000000a490        0x0 c:/intelfpga/17.1/nios2eds/bin/gnu/h-x86_64-mingw32/bin/../lib/gcc/nios2-elf/5.3.0/../../../../../H-x86_64-mingw32/nios2-elf/lib/mno-hw-mul\libsmallc.a(lib_a-int_errno.o)
 .data          0x000000000000a490        0x0 c:/intelfpga/17.1/nios2eds/bin/gnu/h-x86_64-mingw32/bin/../lib/gcc/nios2-elf/5.3.0/mno-hw-mul\libgcc.a(lib2-divmod.o)
 .data          0x000000000000a490        0x0 c:/intelfpga/17.1/nios2eds/bin/gnu/h-x86_64-mingw32/bin/../lib/gcc/nios2-elf/5.3.0/mno-hw-mul\libgcc.a(lib2-mul.o)
 .data          0x000000000000a490        0x0 ../lights_bsp/\libhal_bsp.a(alt_load.o)
 .data          0x000000000000a490        0x0 ../lights_bsp/\libhal_bsp.a(alt_main.o)
 .data          0x000000000000a490        0x0 ../lights_bsp/\libhal_bsp.a(alt_write.o)
 .data          0x000000000000a490       0x2c ../lights_bsp/\libhal_bsp.a(alt_sys_init.o)
 .data          0x000000000000a4bc        0x0 ../lights_bsp/\libhal_bsp.a(altera_avalon_jtag_uart_fd.o)
 .data          0x000000000000a4bc        0x0 ../lights_bsp/\libhal_bsp.a(altera_avalon_jtag_uart_read.o)
 .data          0x000000000000a4bc        0x0 ../lights_bsp/\libhal_bsp.a(altera_avalon_jtag_uart_write.o)
 .data          0x000000000000a4bc        0x0 ../lights_bsp/\libhal_bsp.a(altera_avalon_timer_sc.o)
 .data          0x000000000000a4bc        0x0 ../lights_bsp/\libhal_bsp.a(alt_close.o)
 .data          0x000000000000a4bc        0x0 ../lights_bsp/\libhal_bsp.a(alt_dcache_flush_all.o)
 .data          0x000000000000a4bc      0x1a8 ../lights_bsp/\libhal_bsp.a(alt_dev.o)
                0x000000000000a4bc                alt_dev_null
                0x000000000000a4e4                alt_fd_list
 .data          0x000000000000a664        0x0 ../lights_bsp/\libhal_bsp.a(alt_dev_llist_insert.o)
 .data          0x000000000000a664        0x0 ../lights_bsp/\libhal_bsp.a(alt_errno.o)
 .data          0x000000000000a664        0x0 ../lights_bsp/\libhal_bsp.a(alt_icache_flush_all.o)
 .data          0x000000000000a664        0x0 ../lights_bsp/\libhal_bsp.a(alt_iic.o)
 .data          0x000000000000a664        0x0 ../lights_bsp/\libhal_bsp.a(alt_iic_isr_register.o)
 .data          0x000000000000a664        0x0 ../lights_bsp/\libhal_bsp.a(alt_io_redirect.o)
 .data          0x000000000000a664        0x0 ../lights_bsp/\libhal_bsp.a(alt_irq_entry.o)
 .data          0x000000000000a664        0x0 ../lights_bsp/\libhal_bsp.a(alt_irq_handler.o)
 .data          0x000000000000a664        0x0 ../lights_bsp/\libhal_bsp.a(alt_irq_vars.o)
 .data          0x000000000000a664        0x0 ../lights_bsp/\libhal_bsp.a(alt_open.o)
 .data          0x000000000000a664        0x0 ../lights_bsp/\libhal_bsp.a(alt_release_fd.o)
 .data          0x000000000000a664        0x0 ../lights_bsp/\libhal_bsp.a(alt_tick.o)
 .data          0x000000000000a664        0x0 ../lights_bsp/\libhal_bsp.a(altera_nios2_qsys_irq.o)
 .data          0x000000000000a664        0x0 ../lights_bsp/\libhal_bsp.a(alt_exception_entry.o)
 .data          0x000000000000a664        0x0 ../lights_bsp/\libhal_bsp.a(alt_find_dev.o)
 .data          0x000000000000a664        0x0 ../lights_bsp/\libhal_bsp.a(alt_find_file.o)
 .data          0x000000000000a664        0x0 ../lights_bsp/\libhal_bsp.a(alt_get_fd.o)
 .data          0x000000000000a664        0x0 ../lights_bsp/\libhal_bsp.a(alt_icache_flush.o)
 .data          0x000000000000a664        0x0 c:/intelfpga/17.1/nios2eds/bin/gnu/h-x86_64-mingw32/bin/../lib/gcc/nios2-elf/5.3.0/../../../../../H-x86_64-mingw32/nios2-elf/lib/mno-hw-mul\libsmallc.a(lib_a-exit.o)
 .data          0x000000000000a664        0x0 c:/intelfpga/17.1/nios2eds/bin/gnu/h-x86_64-mingw32/bin/../lib/gcc/nios2-elf/5.3.0/../../../../../H-x86_64-mingw32/nios2-elf/lib/mno-hw-mul\libsmallc.a(lib_a-memcmp.o)
 .data          0x000000000000a664        0x0 c:/intelfpga/17.1/nios2eds/bin/gnu/h-x86_64-mingw32/bin/../lib/gcc/nios2-elf/5.3.0/../../../../../H-x86_64-mingw32/nios2-elf/lib/mno-hw-mul\libsmallc.a(lib_a-__call_atexit.o)
 .data          0x000000000000a664        0x0 ../lights_bsp/\libhal_bsp.a(alt_exit.o)
                0x0000000000012664                _gp = ABSOLUTE ((. + 0x8000))
                [!provide]                        PROVIDE (gp, _gp)
 *(.rwdata .rwdata.*)
 *(.sdata .sdata.* .gnu.linkonce.s.*)
 .sdata._global_impure_ptr
                0x000000000000a664        0x4 c:/intelfpga/17.1/nios2eds/bin/gnu/h-x86_64-mingw32/bin/../lib/gcc/nios2-elf/5.3.0/../../../../../H-x86_64-mingw32/nios2-elf/lib/mno-hw-mul\libsmallc.a(lib_a-impure.o)
                0x000000000000a664                _global_impure_ptr
 .sdata._impure_ptr
                0x000000000000a668        0x4 c:/intelfpga/17.1/nios2eds/bin/gnu/h-x86_64-mingw32/bin/../lib/gcc/nios2-elf/5.3.0/../../../../../H-x86_64-mingw32/nios2-elf/lib/mno-hw-mul\libsmallc.a(lib_a-impure.o)
                0x000000000000a668                _impure_ptr
 .sdata         0x000000000000a66c       0x14 ../lights_bsp/\libhal_bsp.a(alt_dev.o)
                0x000000000000a66c                alt_fs_list
                0x000000000000a674                alt_dev_list
                0x000000000000a67c                alt_max_fd
 .sdata         0x000000000000a680        0x4 ../lights_bsp/\libhal_bsp.a(alt_errno.o)
                0x000000000000a680                alt_errno
 .sdata         0x000000000000a684        0x4 ../lights_bsp/\libhal_bsp.a(alt_irq_vars.o)
                0x000000000000a684                alt_priority_mask
 .sdata         0x000000000000a688        0x8 ../lights_bsp/\libhal_bsp.a(alt_tick.o)
                0x000000000000a688                alt_alarm_list
 *(.sdata2 .sdata2.* .gnu.linkonce.s2.*)
                0x000000000000a690                . = ALIGN (0x4)
                0x000000000000a690                _edata = ABSOLUTE (.)
                [!provide]                        PROVIDE (edata, ABSOLUTE (.))
                0x000000000000a690                PROVIDE (__ram_rwdata_end, ABSOLUTE (.))
                0x000000000000a690                PROVIDE (__flash_rwdata_start, LOADADDR (.rwdata))

.bss            0x000000000000a970      0x11c
                0x000000000000a970                __bss_start = ABSOLUTE (.)
                [!provide]                        PROVIDE (__sbss_start, ABSOLUTE (.))
                [!provide]                        PROVIDE (___sbss_start, ABSOLUTE (.))
 *(.dynsbss)
 *(.sbss .sbss.* .gnu.linkonce.sb.*)
 .sbss          0x000000000000a970        0x4 c:/intelfpga/17.1/nios2eds/bin/gnu/h-x86_64-mingw32/bin/../lib/gcc/nios2-elf/5.3.0/../../../../../H-x86_64-mingw32/nios2-elf/lib/mno-hw-mul\libsmallc.a(lib_a-int_errno.o)
                0x000000000000a970                errno
 .sbss          0x000000000000a974        0xc ../lights_bsp/\libhal_bsp.a(alt_main.o)
                0x000000000000a974                alt_argc
                0x000000000000a978                alt_argv
                0x000000000000a97c                alt_envp
 .sbss          0x000000000000a980        0x4 ../lights_bsp/\libhal_bsp.a(alt_irq_vars.o)
                0x000000000000a980                alt_irq_active
 .sbss          0x000000000000a984        0x8 ../lights_bsp/\libhal_bsp.a(alt_tick.o)
                0x000000000000a984                _alt_tick_rate
                0x000000000000a988                _alt_nticks
 *(.sbss2 .sbss2.* .gnu.linkonce.sb2.*)
 *(.scommon)
                [!provide]                        PROVIDE (__sbss_end, ABSOLUTE (.))
                [!provide]                        PROVIDE (___sbss_end, ABSOLUTE (.))
 *(.dynbss)
 *(.bss .bss.* .gnu.linkonce.b.*)
 .bss           0x000000000000a98c        0x0 ../lights_bsp//obj/HAL/src/crt0.o
 .bss           0x000000000000a98c        0x0 obj/default/lights.o
 .bss           0x000000000000a98c        0x0 c:/intelfpga/17.1/nios2eds/bin/gnu/h-x86_64-mingw32/bin/../lib/gcc/nios2-elf/5.3.0/../../../../../H-x86_64-mingw32/nios2-elf/lib/mno-hw-mul\libsmallc.a(lib_a-printf.o)
 .bss           0x000000000000a98c        0x0 c:/intelfpga/17.1/nios2eds/bin/gnu/h-x86_64-mingw32/bin/../lib/gcc/nios2-elf/5.3.0/../../../../../H-x86_64-mingw32/nios2-elf/lib/mno-hw-mul\libsmallc.a(lib_a-putchar.o)
 .bss           0x000000000000a98c        0x0 c:/intelfpga/17.1/nios2eds/bin/gnu/h-x86_64-mingw32/bin/../lib/gcc/nios2-elf/5.3.0/../../../../../H-x86_64-mingw32/nios2-elf/lib/mno-hw-mul\libsmallc.a(lib_a-vfprintf.o)
 .bss           0x000000000000a98c        0x0 c:/intelfpga/17.1/nios2eds/bin/gnu/h-x86_64-mingw32/bin/../lib/gcc/nios2-elf/5.3.0/../../../../../H-x86_64-mingw32/nios2-elf/lib/mno-hw-mul\libsmallc.a(lib_a-fvwrite_small_dev.o)
 .bss           0x000000000000a98c        0x0 c:/intelfpga/17.1/nios2eds/bin/gnu/h-x86_64-mingw32/bin/../lib/gcc/nios2-elf/5.3.0/../../../../../H-x86_64-mingw32/nios2-elf/lib/mno-hw-mul\libsmallc.a(lib_a-impure.o)
 .bss           0x000000000000a98c        0x0 c:/intelfpga/17.1/nios2eds/bin/gnu/h-x86_64-mingw32/bin/../lib/gcc/nios2-elf/5.3.0/../../../../../H-x86_64-mingw32/nios2-elf/lib/mno-hw-mul\libsmallc.a(lib_a-putc.o)
 .bss           0x000000000000a98c        0x0 c:/intelfpga/17.1/nios2eds/bin/gnu/h-x86_64-mingw32/bin/../lib/gcc/nios2-elf/5.3.0/../../../../../H-x86_64-mingw32/nios2-elf/lib/mno-hw-mul\libsmallc.a(lib_a-strlen.o)
 .bss           0x000000000000a98c        0x0 c:/intelfpga/17.1/nios2eds/bin/gnu/h-x86_64-mingw32/bin/../lib/gcc/nios2-elf/5.3.0/../../../../../H-x86_64-mingw32/nios2-elf/lib/mno-hw-mul\libsmallc.a(lib_a-writer.o)
 .bss           0x000000000000a98c        0x0 c:/intelfpga/17.1/nios2eds/bin/gnu/h-x86_64-mingw32/bin/../lib/gcc/nios2-elf/5.3.0/../../../../../H-x86_64-mingw32/nios2-elf/lib/mno-hw-mul\libsmallc.a(lib_a-int_errno.o)
 .bss           0x000000000000a98c        0x0 c:/intelfpga/17.1/nios2eds/bin/gnu/h-x86_64-mingw32/bin/../lib/gcc/nios2-elf/5.3.0/mno-hw-mul\libgcc.a(lib2-divmod.o)
 .bss           0x000000000000a98c        0x0 c:/intelfpga/17.1/nios2eds/bin/gnu/h-x86_64-mingw32/bin/../lib/gcc/nios2-elf/5.3.0/mno-hw-mul\libgcc.a(lib2-mul.o)
 .bss           0x000000000000a98c        0x0 ../lights_bsp/\libhal_bsp.a(alt_load.o)
 .bss           0x000000000000a98c        0x0 ../lights_bsp/\libhal_bsp.a(alt_main.o)
 .bss           0x000000000000a98c        0x0 ../lights_bsp/\libhal_bsp.a(alt_write.o)
 .bss           0x000000000000a98c        0x0 ../lights_bsp/\libhal_bsp.a(alt_sys_init.o)
 .bss           0x000000000000a98c        0x0 ../lights_bsp/\libhal_bsp.a(altera_avalon_jtag_uart_fd.o)
 .bss           0x000000000000a98c        0x0 ../lights_bsp/\libhal_bsp.a(altera_avalon_jtag_uart_read.o)
 .bss           0x000000000000a98c        0x0 ../lights_bsp/\libhal_bsp.a(altera_avalon_jtag_uart_write.o)
 .bss           0x000000000000a98c        0x0 ../lights_bsp/\libhal_bsp.a(altera_avalon_timer_sc.o)
 .bss           0x000000000000a98c        0x0 ../lights_bsp/\libhal_bsp.a(alt_close.o)
 .bss           0x000000000000a98c        0x0 ../lights_bsp/\libhal_bsp.a(alt_dcache_flush_all.o)
 .bss           0x000000000000a98c        0x0 ../lights_bsp/\libhal_bsp.a(alt_dev.o)
 .bss           0x000000000000a98c        0x0 ../lights_bsp/\libhal_bsp.a(alt_dev_llist_insert.o)
 .bss           0x000000000000a98c        0x0 ../lights_bsp/\libhal_bsp.a(alt_errno.o)
 .bss           0x000000000000a98c        0x0 ../lights_bsp/\libhal_bsp.a(alt_icache_flush_all.o)
 .bss           0x000000000000a98c        0x0 ../lights_bsp/\libhal_bsp.a(alt_iic.o)
 .bss           0x000000000000a98c        0x0 ../lights_bsp/\libhal_bsp.a(alt_iic_isr_register.o)
 .bss           0x000000000000a98c        0x0 ../lights_bsp/\libhal_bsp.a(alt_io_redirect.o)
 .bss           0x000000000000a98c        0x0 ../lights_bsp/\libhal_bsp.a(alt_irq_entry.o)
 .bss           0x000000000000a98c        0x0 ../lights_bsp/\libhal_bsp.a(alt_irq_handler.o)
 .bss           0x000000000000a98c        0x0 ../lights_bsp/\libhal_bsp.a(alt_irq_vars.o)
 .bss           0x000000000000a98c        0x0 ../lights_bsp/\libhal_bsp.a(alt_open.o)
 .bss           0x000000000000a98c        0x0 ../lights_bsp/\libhal_bsp.a(alt_release_fd.o)
 .bss           0x000000000000a98c        0x0 ../lights_bsp/\libhal_bsp.a(alt_tick.o)
 .bss           0x000000000000a98c        0x0 ../lights_bsp/\libhal_bsp.a(altera_nios2_qsys_irq.o)
 .bss           0x000000000000a98c        0x0 ../lights_bsp/\libhal_bsp.a(alt_exception_entry.o)
 .bss           0x000000000000a98c        0x0 ../lights_bsp/\libhal_bsp.a(alt_find_dev.o)
 .bss           0x000000000000a98c        0x0 ../lights_bsp/\libhal_bsp.a(alt_find_file.o)
 .bss           0x000000000000a98c        0x0 ../lights_bsp/\libhal_bsp.a(alt_get_fd.o)
 .bss           0x000000000000a98c        0x0 ../lights_bsp/\libhal_bsp.a(alt_icache_flush.o)
 .bss           0x000000000000a98c        0x0 c:/intelfpga/17.1/nios2eds/bin/gnu/h-x86_64-mingw32/bin/../lib/gcc/nios2-elf/5.3.0/../../../../../H-x86_64-mingw32/nios2-elf/lib/mno-hw-mul\libsmallc.a(lib_a-exit.o)
 .bss           0x000000000000a98c        0x0 c:/intelfpga/17.1/nios2eds/bin/gnu/h-x86_64-mingw32/bin/../lib/gcc/nios2-elf/5.3.0/../../../../../H-x86_64-mingw32/nios2-elf/lib/mno-hw-mul\libsmallc.a(lib_a-memcmp.o)
 .bss           0x000000000000a98c        0x0 c:/intelfpga/17.1/nios2eds/bin/gnu/h-x86_64-mingw32/bin/../lib/gcc/nios2-elf/5.3.0/../../../../../H-x86_64-mingw32/nios2-elf/lib/mno-hw-mul\libsmallc.a(lib_a-__call_atexit.o)
 .bss           0x000000000000a98c        0x0 ../lights_bsp/\libhal_bsp.a(alt_exit.o)
 *(COMMON)
 COMMON         0x000000000000a98c      0x100 ../lights_bsp/\libhal_bsp.a(alt_irq_handler.o)
                0x000000000000a98c                alt_irq
                0x000000000000aa8c                . = ALIGN (0x4)
                0x000000000000aa8c                __bss_end = ABSOLUTE (.)

.onchip_mem     0x000000000000aa8c        0x0
                [!provide]                        PROVIDE (_alt_partition_onchip_mem_start, ABSOLUTE (.))
 *(.onchip_mem .onchip_mem. onchip_mem.*)
                0x000000000000aa8c                . = ALIGN (0x4)
                [!provide]                        PROVIDE (_alt_partition_onchip_mem_end, ABSOLUTE (.))
                0x000000000000aa8c                _end = ABSOLUTE (.)
                0x000000000000aa8c                end = ABSOLUTE (.)
                0x000000000000aa8c                __alt_stack_base = ABSOLUTE (.)
                [!provide]                        PROVIDE (_alt_partition_onchip_mem_load_addr, LOADADDR (.onchip_mem))

.stab
 *(.stab)

.stabstr
 *(.stabstr)

.stab.excl
 *(.stab.excl)

.stab.exclstr
 *(.stab.exclstr)

.stab.index
 *(.stab.index)

.stab.indexstr
 *(.stab.indexstr)

.comment        0x0000000000000000       0x23
 *(.comment)
 .comment       0x0000000000000000       0x23 obj/default/lights.o
                                         0x24 (size before relaxing)
 .comment       0x0000000000000023       0x24 c:/intelfpga/17.1/nios2eds/bin/gnu/h-x86_64-mingw32/bin/../lib/gcc/nios2-elf/5.3.0/../../../../../H-x86_64-mingw32/nios2-elf/lib/mno-hw-mul\libsmallc.a(lib_a-printf.o)
 .comment       0x0000000000000023       0x24 c:/intelfpga/17.1/nios2eds/bin/gnu/h-x86_64-mingw32/bin/../lib/gcc/nios2-elf/5.3.0/../../../../../H-x86_64-mingw32/nios2-elf/lib/mno-hw-mul\libsmallc.a(lib_a-putchar.o)
 .comment       0x0000000000000023       0x24 c:/intelfpga/17.1/nios2eds/bin/gnu/h-x86_64-mingw32/bin/../lib/gcc/nios2-elf/5.3.0/../../../../../H-x86_64-mingw32/nios2-elf/lib/mno-hw-mul\libsmallc.a(lib_a-vfprintf.o)
 .comment       0x0000000000000023       0x24 c:/intelfpga/17.1/nios2eds/bin/gnu/h-x86_64-mingw32/bin/../lib/gcc/nios2-elf/5.3.0/../../../../../H-x86_64-mingw32/nios2-elf/lib/mno-hw-mul\libsmallc.a(lib_a-fvwrite_small_dev.o)
 .comment       0x0000000000000023       0x24 c:/intelfpga/17.1/nios2eds/bin/gnu/h-x86_64-mingw32/bin/../lib/gcc/nios2-elf/5.3.0/../../../../../H-x86_64-mingw32/nios2-elf/lib/mno-hw-mul\libsmallc.a(lib_a-impure.o)
 .comment       0x0000000000000023       0x24 c:/intelfpga/17.1/nios2eds/bin/gnu/h-x86_64-mingw32/bin/../lib/gcc/nios2-elf/5.3.0/../../../../../H-x86_64-mingw32/nios2-elf/lib/mno-hw-mul\libsmallc.a(lib_a-putc.o)
 .comment       0x0000000000000023       0x24 c:/intelfpga/17.1/nios2eds/bin/gnu/h-x86_64-mingw32/bin/../lib/gcc/nios2-elf/5.3.0/../../../../../H-x86_64-mingw32/nios2-elf/lib/mno-hw-mul\libsmallc.a(lib_a-strlen.o)
 .comment       0x0000000000000023       0x24 c:/intelfpga/17.1/nios2eds/bin/gnu/h-x86_64-mingw32/bin/../lib/gcc/nios2-elf/5.3.0/../../../../../H-x86_64-mingw32/nios2-elf/lib/mno-hw-mul\libsmallc.a(lib_a-writer.o)
 .comment       0x0000000000000023       0x24 c:/intelfpga/17.1/nios2eds/bin/gnu/h-x86_64-mingw32/bin/../lib/gcc/nios2-elf/5.3.0/../../../../../H-x86_64-mingw32/nios2-elf/lib/mno-hw-mul\libsmallc.a(lib_a-int_errno.o)
 .comment       0x0000000000000023       0x24 c:/intelfpga/17.1/nios2eds/bin/gnu/h-x86_64-mingw32/bin/../lib/gcc/nios2-elf/5.3.0/mno-hw-mul\libgcc.a(lib2-divmod.o)
 .comment       0x0000000000000023       0x24 c:/intelfpga/17.1/nios2eds/bin/gnu/h-x86_64-mingw32/bin/../lib/gcc/nios2-elf/5.3.0/mno-hw-mul\libgcc.a(lib2-mul.o)
 .comment       0x0000000000000023       0x24 ../lights_bsp/\libhal_bsp.a(alt_load.o)
 .comment       0x0000000000000023       0x24 ../lights_bsp/\libhal_bsp.a(alt_main.o)
 .comment       0x0000000000000023       0x24 ../lights_bsp/\libhal_bsp.a(alt_write.o)
 .comment       0x0000000000000023       0x24 ../lights_bsp/\libhal_bsp.a(alt_sys_init.o)
 .comment       0x0000000000000023       0x24 ../lights_bsp/\libhal_bsp.a(altera_avalon_jtag_uart_fd.o)
 .comment       0x0000000000000023       0x24 ../lights_bsp/\libhal_bsp.a(altera_avalon_jtag_uart_read.o)
 .comment       0x0000000000000023       0x24 ../lights_bsp/\libhal_bsp.a(altera_avalon_jtag_uart_write.o)
 .comment       0x0000000000000023       0x24 ../lights_bsp/\libhal_bsp.a(altera_avalon_timer_sc.o)
 .comment       0x0000000000000023       0x24 ../lights_bsp/\libhal_bsp.a(alt_close.o)
 .comment       0x0000000000000023       0x24 ../lights_bsp/\libhal_bsp.a(alt_dcache_flush_all.o)
 .comment       0x0000000000000023       0x24 ../lights_bsp/\libhal_bsp.a(alt_dev.o)
 .comment       0x0000000000000023       0x24 ../lights_bsp/\libhal_bsp.a(alt_dev_llist_insert.o)
 .comment       0x0000000000000023       0x24 ../lights_bsp/\libhal_bsp.a(alt_errno.o)
 .comment       0x0000000000000023       0x24 ../lights_bsp/\libhal_bsp.a(alt_icache_flush_all.o)
 .comment       0x0000000000000023       0x24 ../lights_bsp/\libhal_bsp.a(alt_iic.o)
 .comment       0x0000000000000023       0x24 ../lights_bsp/\libhal_bsp.a(alt_iic_isr_register.o)
 .comment       0x0000000000000023       0x24 ../lights_bsp/\libhal_bsp.a(alt_io_redirect.o)
 .comment       0x0000000000000023       0x24 ../lights_bsp/\libhal_bsp.a(alt_irq_handler.o)
 .comment       0x0000000000000023       0x24 ../lights_bsp/\libhal_bsp.a(alt_irq_vars.o)
 .comment       0x0000000000000023       0x24 ../lights_bsp/\libhal_bsp.a(alt_open.o)
 .comment       0x0000000000000023       0x24 ../lights_bsp/\libhal_bsp.a(alt_release_fd.o)
 .comment       0x0000000000000023       0x24 ../lights_bsp/\libhal_bsp.a(alt_tick.o)
 .comment       0x0000000000000023       0x24 ../lights_bsp/\libhal_bsp.a(altera_nios2_qsys_irq.o)
 .comment       0x0000000000000023       0x24 ../lights_bsp/\libhal_bsp.a(alt_find_dev.o)
 .comment       0x0000000000000023       0x24 ../lights_bsp/\libhal_bsp.a(alt_find_file.o)
 .comment       0x0000000000000023       0x24 ../lights_bsp/\libhal_bsp.a(alt_get_fd.o)
 .comment       0x0000000000000023       0x24 ../lights_bsp/\libhal_bsp.a(alt_icache_flush.o)
 .comment       0x0000000000000023       0x24 c:/intelfpga/17.1/nios2eds/bin/gnu/h-x86_64-mingw32/bin/../lib/gcc/nios2-elf/5.3.0/../../../../../H-x86_64-mingw32/nios2-elf/lib/mno-hw-mul\libsmallc.a(lib_a-exit.o)
 .comment       0x0000000000000023       0x24 c:/intelfpga/17.1/nios2eds/bin/gnu/h-x86_64-mingw32/bin/../lib/gcc/nios2-elf/5.3.0/../../../../../H-x86_64-mingw32/nios2-elf/lib/mno-hw-mul\libsmallc.a(lib_a-memcmp.o)
 .comment       0x0000000000000023       0x24 c:/intelfpga/17.1/nios2eds/bin/gnu/h-x86_64-mingw32/bin/../lib/gcc/nios2-elf/5.3.0/../../../../../H-x86_64-mingw32/nios2-elf/lib/mno-hw-mul\libsmallc.a(lib_a-__call_atexit.o)
 .comment       0x0000000000000023       0x24 ../lights_bsp/\libhal_bsp.a(alt_exit.o)

.debug
 *(.debug)

.line
 *(.line)

.debug_srcinfo
 *(.debug_srcinfo)

.debug_sfnames
 *(.debug_sfnames)

.debug_aranges  0x0000000000000000      0x5f8
 *(.debug_aranges)
 .debug_aranges
                0x0000000000000000       0x28 ../lights_bsp//obj/HAL/src/crt0.o
 .debug_aranges
                0x0000000000000028       0x20 obj/default/lights.o
 .debug_aranges
                0x0000000000000048       0x28 c:/intelfpga/17.1/nios2eds/bin/gnu/h-x86_64-mingw32/bin/../lib/gcc/nios2-elf/5.3.0/../../../../../H-x86_64-mingw32/nios2-elf/lib/mno-hw-mul\libsmallc.a(lib_a-printf.o)
 .debug_aranges
                0x0000000000000070       0x28 c:/intelfpga/17.1/nios2eds/bin/gnu/h-x86_64-mingw32/bin/../lib/gcc/nios2-elf/5.3.0/../../../../../H-x86_64-mingw32/nios2-elf/lib/mno-hw-mul\libsmallc.a(lib_a-putchar.o)
 .debug_aranges
                0x0000000000000098       0x30 c:/intelfpga/17.1/nios2eds/bin/gnu/h-x86_64-mingw32/bin/../lib/gcc/nios2-elf/5.3.0/../../../../../H-x86_64-mingw32/nios2-elf/lib/mno-hw-mul\libsmallc.a(lib_a-vfprintf.o)
 .debug_aranges
                0x00000000000000c8       0x20 c:/intelfpga/17.1/nios2eds/bin/gnu/h-x86_64-mingw32/bin/../lib/gcc/nios2-elf/5.3.0/../../../../../H-x86_64-mingw32/nios2-elf/lib/mno-hw-mul\libsmallc.a(lib_a-fvwrite_small_dev.o)
 .debug_aranges
                0x00000000000000e8       0x18 c:/intelfpga/17.1/nios2eds/bin/gnu/h-x86_64-mingw32/bin/../lib/gcc/nios2-elf/5.3.0/../../../../../H-x86_64-mingw32/nios2-elf/lib/mno-hw-mul\libsmallc.a(lib_a-impure.o)
 .debug_aranges
                0x0000000000000100       0x28 c:/intelfpga/17.1/nios2eds/bin/gnu/h-x86_64-mingw32/bin/../lib/gcc/nios2-elf/5.3.0/../../../../../H-x86_64-mingw32/nios2-elf/lib/mno-hw-mul\libsmallc.a(lib_a-putc.o)
 .debug_aranges
                0x0000000000000128       0x20 c:/intelfpga/17.1/nios2eds/bin/gnu/h-x86_64-mingw32/bin/../lib/gcc/nios2-elf/5.3.0/../../../../../H-x86_64-mingw32/nios2-elf/lib/mno-hw-mul\libsmallc.a(lib_a-strlen.o)
 .debug_aranges
                0x0000000000000148       0x20 c:/intelfpga/17.1/nios2eds/bin/gnu/h-x86_64-mingw32/bin/../lib/gcc/nios2-elf/5.3.0/../../../../../H-x86_64-mingw32/nios2-elf/lib/mno-hw-mul\libsmallc.a(lib_a-writer.o)
 .debug_aranges
                0x0000000000000168       0x18 c:/intelfpga/17.1/nios2eds/bin/gnu/h-x86_64-mingw32/bin/../lib/gcc/nios2-elf/5.3.0/../../../../../H-x86_64-mingw32/nios2-elf/lib/mno-hw-mul\libsmallc.a(lib_a-int_errno.o)
 .debug_aranges
                0x0000000000000180       0x20 c:/intelfpga/17.1/nios2eds/bin/gnu/h-x86_64-mingw32/bin/../lib/gcc/nios2-elf/5.3.0/mno-hw-mul\libgcc.a(lib2-divmod.o)
 .debug_aranges
                0x00000000000001a0       0x20 c:/intelfpga/17.1/nios2eds/bin/gnu/h-x86_64-mingw32/bin/../lib/gcc/nios2-elf/5.3.0/mno-hw-mul\libgcc.a(lib2-mul.o)
 .debug_aranges
                0x00000000000001c0       0x20 ../lights_bsp/\libhal_bsp.a(alt_load.o)
 .debug_aranges
                0x00000000000001e0       0x20 ../lights_bsp/\libhal_bsp.a(alt_main.o)
 .debug_aranges
                0x0000000000000200       0x20 ../lights_bsp/\libhal_bsp.a(alt_write.o)
 .debug_aranges
                0x0000000000000220       0x20 ../lights_bsp/\libhal_bsp.a(alt_sys_init.o)
 .debug_aranges
                0x0000000000000240       0x20 ../lights_bsp/\libhal_bsp.a(altera_avalon_jtag_uart_fd.o)
 .debug_aranges
                0x0000000000000260       0x20 ../lights_bsp/\libhal_bsp.a(altera_avalon_jtag_uart_read.o)
 .debug_aranges
                0x0000000000000280       0x20 ../lights_bsp/\libhal_bsp.a(altera_avalon_jtag_uart_write.o)
 .debug_aranges
                0x00000000000002a0       0x20 ../lights_bsp/\libhal_bsp.a(altera_avalon_timer_sc.o)
 .debug_aranges
                0x00000000000002c0       0x20 ../lights_bsp/\libhal_bsp.a(alt_close.o)
 .debug_aranges
                0x00000000000002e0       0x20 ../lights_bsp/\libhal_bsp.a(alt_dcache_flush_all.o)
 .debug_aranges
                0x0000000000000300       0x20 ../lights_bsp/\libhal_bsp.a(alt_dev.o)
 .debug_aranges
                0x0000000000000320       0x20 ../lights_bsp/\libhal_bsp.a(alt_dev_llist_insert.o)
 .debug_aranges
                0x0000000000000340       0x18 ../lights_bsp/\libhal_bsp.a(alt_errno.o)
 .debug_aranges
                0x0000000000000358       0x20 ../lights_bsp/\libhal_bsp.a(alt_icache_flush_all.o)
 .debug_aranges
                0x0000000000000378       0x20 ../lights_bsp/\libhal_bsp.a(alt_iic.o)
 .debug_aranges
                0x0000000000000398       0x20 ../lights_bsp/\libhal_bsp.a(alt_iic_isr_register.o)
 .debug_aranges
                0x00000000000003b8       0x20 ../lights_bsp/\libhal_bsp.a(alt_io_redirect.o)
 .debug_aranges
                0x00000000000003d8       0x30 ../lights_bsp/\libhal_bsp.a(alt_irq_entry.o)
 .debug_aranges
                0x0000000000000408       0x20 ../lights_bsp/\libhal_bsp.a(alt_irq_handler.o)
 .debug_aranges
                0x0000000000000428       0x18 ../lights_bsp/\libhal_bsp.a(alt_irq_vars.o)
 .debug_aranges
                0x0000000000000440       0x20 ../lights_bsp/\libhal_bsp.a(alt_open.o)
 .debug_aranges
                0x0000000000000460       0x20 ../lights_bsp/\libhal_bsp.a(alt_release_fd.o)
 .debug_aranges
                0x0000000000000480       0x20 ../lights_bsp/\libhal_bsp.a(alt_tick.o)
 .debug_aranges
                0x00000000000004a0       0x20 ../lights_bsp/\libhal_bsp.a(altera_nios2_qsys_irq.o)
 .debug_aranges
                0x00000000000004c0       0x38 ../lights_bsp/\libhal_bsp.a(alt_exception_entry.o)
 .debug_aranges
                0x00000000000004f8       0x20 ../lights_bsp/\libhal_bsp.a(alt_find_dev.o)
 .debug_aranges
                0x0000000000000518       0x20 ../lights_bsp/\libhal_bsp.a(alt_find_file.o)
 .debug_aranges
                0x0000000000000538       0x20 ../lights_bsp/\libhal_bsp.a(alt_get_fd.o)
 .debug_aranges
                0x0000000000000558       0x20 ../lights_bsp/\libhal_bsp.a(alt_icache_flush.o)
 .debug_aranges
                0x0000000000000578       0x20 c:/intelfpga/17.1/nios2eds/bin/gnu/h-x86_64-mingw32/bin/../lib/gcc/nios2-elf/5.3.0/../../../../../H-x86_64-mingw32/nios2-elf/lib/mno-hw-mul\libsmallc.a(lib_a-exit.o)
 .debug_aranges
                0x0000000000000598       0x20 c:/intelfpga/17.1/nios2eds/bin/gnu/h-x86_64-mingw32/bin/../lib/gcc/nios2-elf/5.3.0/../../../../../H-x86_64-mingw32/nios2-elf/lib/mno-hw-mul\libsmallc.a(lib_a-memcmp.o)
 .debug_aranges
                0x00000000000005b8       0x20 c:/intelfpga/17.1/nios2eds/bin/gnu/h-x86_64-mingw32/bin/../lib/gcc/nios2-elf/5.3.0/../../../../../H-x86_64-mingw32/nios2-elf/lib/mno-hw-mul\libsmallc.a(lib_a-__call_atexit.o)
 .debug_aranges
                0x00000000000005d8       0x20 ../lights_bsp/\libhal_bsp.a(alt_exit.o)

.debug_pubnames
 *(.debug_pubnames)

.debug_info     0x0000000000000000     0x7eef
 *(.debug_info .gnu.linkonce.wi.*)
 .debug_info    0x0000000000000000       0x67 ../lights_bsp//obj/HAL/src/crt0.o
 .debug_info    0x0000000000000067       0x9d obj/default/lights.o
 .debug_info    0x0000000000000104      0x699 c:/intelfpga/17.1/nios2eds/bin/gnu/h-x86_64-mingw32/bin/../lib/gcc/nios2-elf/5.3.0/../../../../../H-x86_64-mingw32/nios2-elf/lib/mno-hw-mul\libsmallc.a(lib_a-printf.o)
 .debug_info    0x000000000000079d      0x62a c:/intelfpga/17.1/nios2eds/bin/gnu/h-x86_64-mingw32/bin/../lib/gcc/nios2-elf/5.3.0/../../../../../H-x86_64-mingw32/nios2-elf/lib/mno-hw-mul\libsmallc.a(lib_a-putchar.o)
 .debug_info    0x0000000000000dc7      0xb2b c:/intelfpga/17.1/nios2eds/bin/gnu/h-x86_64-mingw32/bin/../lib/gcc/nios2-elf/5.3.0/../../../../../H-x86_64-mingw32/nios2-elf/lib/mno-hw-mul\libsmallc.a(lib_a-vfprintf.o)
 .debug_info    0x00000000000018f2      0x62b c:/intelfpga/17.1/nios2eds/bin/gnu/h-x86_64-mingw32/bin/../lib/gcc/nios2-elf/5.3.0/../../../../../H-x86_64-mingw32/nios2-elf/lib/mno-hw-mul\libsmallc.a(lib_a-fvwrite_small_dev.o)
 .debug_info    0x0000000000001f1d      0x5a9 c:/intelfpga/17.1/nios2eds/bin/gnu/h-x86_64-mingw32/bin/../lib/gcc/nios2-elf/5.3.0/../../../../../H-x86_64-mingw32/nios2-elf/lib/mno-hw-mul\libsmallc.a(lib_a-impure.o)
 .debug_info    0x00000000000024c6      0x672 c:/intelfpga/17.1/nios2eds/bin/gnu/h-x86_64-mingw32/bin/../lib/gcc/nios2-elf/5.3.0/../../../../../H-x86_64-mingw32/nios2-elf/lib/mno-hw-mul\libsmallc.a(lib_a-putc.o)
 .debug_info    0x0000000000002b38       0xc9 c:/intelfpga/17.1/nios2eds/bin/gnu/h-x86_64-mingw32/bin/../lib/gcc/nios2-elf/5.3.0/../../../../../H-x86_64-mingw32/nios2-elf/lib/mno-hw-mul\libsmallc.a(lib_a-strlen.o)
 .debug_info    0x0000000000002c01      0x630 c:/intelfpga/17.1/nios2eds/bin/gnu/h-x86_64-mingw32/bin/../lib/gcc/nios2-elf/5.3.0/../../../../../H-x86_64-mingw32/nios2-elf/lib/mno-hw-mul\libsmallc.a(lib_a-writer.o)
 .debug_info    0x0000000000003231       0x8a c:/intelfpga/17.1/nios2eds/bin/gnu/h-x86_64-mingw32/bin/../lib/gcc/nios2-elf/5.3.0/../../../../../H-x86_64-mingw32/nios2-elf/lib/mno-hw-mul\libsmallc.a(lib_a-int_errno.o)
 .debug_info    0x00000000000032bb      0x2c6 c:/intelfpga/17.1/nios2eds/bin/gnu/h-x86_64-mingw32/bin/../lib/gcc/nios2-elf/5.3.0/mno-hw-mul\libgcc.a(lib2-divmod.o)
 .debug_info    0x0000000000003581       0xb4 c:/intelfpga/17.1/nios2eds/bin/gnu/h-x86_64-mingw32/bin/../lib/gcc/nios2-elf/5.3.0/mno-hw-mul\libgcc.a(lib2-mul.o)
 .debug_info    0x0000000000003635      0x145 ../lights_bsp/\libhal_bsp.a(alt_load.o)
 .debug_info    0x000000000000377a      0x131 ../lights_bsp/\libhal_bsp.a(alt_main.o)
 .debug_info    0x00000000000038ab      0x4b7 ../lights_bsp/\libhal_bsp.a(alt_write.o)
 .debug_info    0x0000000000003d62      0x3df ../lights_bsp/\libhal_bsp.a(alt_sys_init.o)
 .debug_info    0x0000000000004141      0x3a7 ../lights_bsp/\libhal_bsp.a(altera_avalon_jtag_uart_fd.o)
 .debug_info    0x00000000000044e8      0x1b2 ../lights_bsp/\libhal_bsp.a(altera_avalon_jtag_uart_read.o)
 .debug_info    0x000000000000469a      0x195 ../lights_bsp/\libhal_bsp.a(altera_avalon_jtag_uart_write.o)
 .debug_info    0x000000000000482f      0x226 ../lights_bsp/\libhal_bsp.a(altera_avalon_timer_sc.o)
 .debug_info    0x0000000000004a55      0x321 ../lights_bsp/\libhal_bsp.a(alt_close.o)
 .debug_info    0x0000000000004d76       0x92 ../lights_bsp/\libhal_bsp.a(alt_dcache_flush_all.o)
 .debug_info    0x0000000000004e08      0x49c ../lights_bsp/\libhal_bsp.a(alt_dev.o)
 .debug_info    0x00000000000052a4      0x1a9 ../lights_bsp/\libhal_bsp.a(alt_dev_llist_insert.o)
 .debug_info    0x000000000000544d       0xa6 ../lights_bsp/\libhal_bsp.a(alt_errno.o)
 .debug_info    0x00000000000054f3       0x92 ../lights_bsp/\libhal_bsp.a(alt_icache_flush_all.o)
 .debug_info    0x0000000000005585      0x350 ../lights_bsp/\libhal_bsp.a(alt_iic.o)
 .debug_info    0x00000000000058d5      0x1ef ../lights_bsp/\libhal_bsp.a(alt_iic_isr_register.o)
 .debug_info    0x0000000000005ac4      0x4a5 ../lights_bsp/\libhal_bsp.a(alt_io_redirect.o)
 .debug_info    0x0000000000005f69       0x70 ../lights_bsp/\libhal_bsp.a(alt_irq_entry.o)
 .debug_info    0x0000000000005fd9      0x187 ../lights_bsp/\libhal_bsp.a(alt_irq_handler.o)
 .debug_info    0x0000000000006160       0x88 ../lights_bsp/\libhal_bsp.a(alt_irq_vars.o)
 .debug_info    0x00000000000061e8      0x3bb ../lights_bsp/\libhal_bsp.a(alt_open.o)
 .debug_info    0x00000000000065a3      0x2b0 ../lights_bsp/\libhal_bsp.a(alt_release_fd.o)
 .debug_info    0x0000000000006853      0x299 ../lights_bsp/\libhal_bsp.a(alt_tick.o)
 .debug_info    0x0000000000006aec       0x92 ../lights_bsp/\libhal_bsp.a(altera_nios2_qsys_irq.o)
 .debug_info    0x0000000000006b7e       0x76 ../lights_bsp/\libhal_bsp.a(alt_exception_entry.o)
 .debug_info    0x0000000000006bf4      0x2e9 ../lights_bsp/\libhal_bsp.a(alt_find_dev.o)
 .debug_info    0x0000000000006edd      0x2e6 ../lights_bsp/\libhal_bsp.a(alt_find_file.o)
 .debug_info    0x00000000000071c3      0x310 ../lights_bsp/\libhal_bsp.a(alt_get_fd.o)
 .debug_info    0x00000000000074d3       0xdc ../lights_bsp/\libhal_bsp.a(alt_icache_flush.o)
 .debug_info    0x00000000000075af       0xe5 c:/intelfpga/17.1/nios2eds/bin/gnu/h-x86_64-mingw32/bin/../lib/gcc/nios2-elf/5.3.0/../../../../../H-x86_64-mingw32/nios2-elf/lib/mno-hw-mul\libsmallc.a(lib_a-exit.o)
 .debug_info    0x0000000000007694       0xf4 c:/intelfpga/17.1/nios2eds/bin/gnu/h-x86_64-mingw32/bin/../lib/gcc/nios2-elf/5.3.0/../../../../../H-x86_64-mingw32/nios2-elf/lib/mno-hw-mul\libsmallc.a(lib_a-memcmp.o)
 .debug_info    0x0000000000007788      0x67b c:/intelfpga/17.1/nios2eds/bin/gnu/h-x86_64-mingw32/bin/../lib/gcc/nios2-elf/5.3.0/../../../../../H-x86_64-mingw32/nios2-elf/lib/mno-hw-mul\libsmallc.a(lib_a-__call_atexit.o)
 .debug_info    0x0000000000007e03       0xec ../lights_bsp/\libhal_bsp.a(alt_exit.o)

.debug_abbrev   0x0000000000000000     0x2b57
 *(.debug_abbrev)
 .debug_abbrev  0x0000000000000000       0x12 ../lights_bsp//obj/HAL/src/crt0.o
 .debug_abbrev  0x0000000000000012       0x4d obj/default/lights.o
 .debug_abbrev  0x000000000000005f      0x1ee c:/intelfpga/17.1/nios2eds/bin/gnu/h-x86_64-mingw32/bin/../lib/gcc/nios2-elf/5.3.0/../../../../../H-x86_64-mingw32/nios2-elf/lib/mno-hw-mul\libsmallc.a(lib_a-printf.o)
 .debug_abbrev  0x000000000000024d      0x1c0 c:/intelfpga/17.1/nios2eds/bin/gnu/h-x86_64-mingw32/bin/../lib/gcc/nios2-elf/5.3.0/../../../../../H-x86_64-mingw32/nios2-elf/lib/mno-hw-mul\libsmallc.a(lib_a-putchar.o)
 .debug_abbrev  0x000000000000040d      0x2a1 c:/intelfpga/17.1/nios2eds/bin/gnu/h-x86_64-mingw32/bin/../lib/gcc/nios2-elf/5.3.0/../../../../../H-x86_64-mingw32/nios2-elf/lib/mno-hw-mul\libsmallc.a(lib_a-vfprintf.o)
 .debug_abbrev  0x00000000000006ae      0x1bc c:/intelfpga/17.1/nios2eds/bin/gnu/h-x86_64-mingw32/bin/../lib/gcc/nios2-elf/5.3.0/../../../../../H-x86_64-mingw32/nios2-elf/lib/mno-hw-mul\libsmallc.a(lib_a-fvwrite_small_dev.o)
 .debug_abbrev  0x000000000000086a      0x14a c:/intelfpga/17.1/nios2eds/bin/gnu/h-x86_64-mingw32/bin/../lib/gcc/nios2-elf/5.3.0/../../../../../H-x86_64-mingw32/nios2-elf/lib/mno-hw-mul\libsmallc.a(lib_a-impure.o)
 .debug_abbrev  0x00000000000009b4      0x1bd c:/intelfpga/17.1/nios2eds/bin/gnu/h-x86_64-mingw32/bin/../lib/gcc/nios2-elf/5.3.0/../../../../../H-x86_64-mingw32/nios2-elf/lib/mno-hw-mul\libsmallc.a(lib_a-putc.o)
 .debug_abbrev  0x0000000000000b71       0x7f c:/intelfpga/17.1/nios2eds/bin/gnu/h-x86_64-mingw32/bin/../lib/gcc/nios2-elf/5.3.0/../../../../../H-x86_64-mingw32/nios2-elf/lib/mno-hw-mul\libsmallc.a(lib_a-strlen.o)
 .debug_abbrev  0x0000000000000bf0      0x1a6 c:/intelfpga/17.1/nios2eds/bin/gnu/h-x86_64-mingw32/bin/../lib/gcc/nios2-elf/5.3.0/../../../../../H-x86_64-mingw32/nios2-elf/lib/mno-hw-mul\libsmallc.a(lib_a-writer.o)
 .debug_abbrev  0x0000000000000d96       0x37 c:/intelfpga/17.1/nios2eds/bin/gnu/h-x86_64-mingw32/bin/../lib/gcc/nios2-elf/5.3.0/../../../../../H-x86_64-mingw32/nios2-elf/lib/mno-hw-mul\libsmallc.a(lib_a-int_errno.o)
 .debug_abbrev  0x0000000000000dcd      0x10e c:/intelfpga/17.1/nios2eds/bin/gnu/h-x86_64-mingw32/bin/../lib/gcc/nios2-elf/5.3.0/mno-hw-mul\libgcc.a(lib2-divmod.o)
 .debug_abbrev  0x0000000000000edb       0x6f c:/intelfpga/17.1/nios2eds/bin/gnu/h-x86_64-mingw32/bin/../lib/gcc/nios2-elf/5.3.0/mno-hw-mul\libgcc.a(lib2-mul.o)
 .debug_abbrev  0x0000000000000f4a       0x9f ../lights_bsp/\libhal_bsp.a(alt_load.o)
 .debug_abbrev  0x0000000000000fe9       0xba ../lights_bsp/\libhal_bsp.a(alt_main.o)
 .debug_abbrev  0x00000000000010a3      0x133 ../lights_bsp/\libhal_bsp.a(alt_write.o)
 .debug_abbrev  0x00000000000011d6      0x157 ../lights_bsp/\libhal_bsp.a(alt_sys_init.o)
 .debug_abbrev  0x000000000000132d       0xf7 ../lights_bsp/\libhal_bsp.a(altera_avalon_jtag_uart_fd.o)
 .debug_abbrev  0x0000000000001424       0xd5 ../lights_bsp/\libhal_bsp.a(altera_avalon_jtag_uart_read.o)
 .debug_abbrev  0x00000000000014f9       0xd5 ../lights_bsp/\libhal_bsp.a(altera_avalon_jtag_uart_write.o)
 .debug_abbrev  0x00000000000015ce      0x155 ../lights_bsp/\libhal_bsp.a(altera_avalon_timer_sc.o)
 .debug_abbrev  0x0000000000001723      0x11f ../lights_bsp/\libhal_bsp.a(alt_close.o)
 .debug_abbrev  0x0000000000001842       0x42 ../lights_bsp/\libhal_bsp.a(alt_dcache_flush_all.o)
 .debug_abbrev  0x0000000000001884       0xd9 ../lights_bsp/\libhal_bsp.a(alt_dev.o)
 .debug_abbrev  0x000000000000195d      0x114 ../lights_bsp/\libhal_bsp.a(alt_dev_llist_insert.o)
 .debug_abbrev  0x0000000000001a71       0x5a ../lights_bsp/\libhal_bsp.a(alt_errno.o)
 .debug_abbrev  0x0000000000001acb       0x42 ../lights_bsp/\libhal_bsp.a(alt_icache_flush_all.o)
 .debug_abbrev  0x0000000000001b0d      0x163 ../lights_bsp/\libhal_bsp.a(alt_iic.o)
 .debug_abbrev  0x0000000000001c70      0x169 ../lights_bsp/\libhal_bsp.a(alt_iic_isr_register.o)
 .debug_abbrev  0x0000000000001dd9      0x114 ../lights_bsp/\libhal_bsp.a(alt_io_redirect.o)
 .debug_abbrev  0x0000000000001eed       0x12 ../lights_bsp/\libhal_bsp.a(alt_irq_entry.o)
 .debug_abbrev  0x0000000000001eff      0x122 ../lights_bsp/\libhal_bsp.a(alt_irq_handler.o)
 .debug_abbrev  0x0000000000002021       0x40 ../lights_bsp/\libhal_bsp.a(alt_irq_vars.o)
 .debug_abbrev  0x0000000000002061      0x148 ../lights_bsp/\libhal_bsp.a(alt_open.o)
 .debug_abbrev  0x00000000000021a9       0xde ../lights_bsp/\libhal_bsp.a(alt_release_fd.o)
 .debug_abbrev  0x0000000000002287      0x15a ../lights_bsp/\libhal_bsp.a(alt_tick.o)
 .debug_abbrev  0x00000000000023e1       0x42 ../lights_bsp/\libhal_bsp.a(altera_nios2_qsys_irq.o)
 .debug_abbrev  0x0000000000002423       0x12 ../lights_bsp/\libhal_bsp.a(alt_exception_entry.o)
 .debug_abbrev  0x0000000000002435       0xf0 ../lights_bsp/\libhal_bsp.a(alt_find_dev.o)
 .debug_abbrev  0x0000000000002525       0xf0 ../lights_bsp/\libhal_bsp.a(alt_find_file.o)
 .debug_abbrev  0x0000000000002615      0x10d ../lights_bsp/\libhal_bsp.a(alt_get_fd.o)
 .debug_abbrev  0x0000000000002722       0x8c ../lights_bsp/\libhal_bsp.a(alt_icache_flush.o)
 .debug_abbrev  0x00000000000027ae       0x8b c:/intelfpga/17.1/nios2eds/bin/gnu/h-x86_64-mingw32/bin/../lib/gcc/nios2-elf/5.3.0/../../../../../H-x86_64-mingw32/nios2-elf/lib/mno-hw-mul\libsmallc.a(lib_a-exit.o)
 .debug_abbrev  0x0000000000002839       0x7f c:/intelfpga/17.1/nios2eds/bin/gnu/h-x86_64-mingw32/bin/../lib/gcc/nios2-elf/5.3.0/../../../../../H-x86_64-mingw32/nios2-elf/lib/mno-hw-mul\libsmallc.a(lib_a-memcmp.o)
 .debug_abbrev  0x00000000000028b8      0x1f6 c:/intelfpga/17.1/nios2eds/bin/gnu/h-x86_64-mingw32/bin/../lib/gcc/nios2-elf/5.3.0/../../../../../H-x86_64-mingw32/nios2-elf/lib/mno-hw-mul\libsmallc.a(lib_a-__call_atexit.o)
 .debug_abbrev  0x0000000000002aae       0xa9 ../lights_bsp/\libhal_bsp.a(alt_exit.o)

.debug_line     0x0000000000000000     0x2f59
 *(.debug_line)
 .debug_line    0x0000000000000000       0x6c ../lights_bsp//obj/HAL/src/crt0.o
 .debug_line    0x000000000000006c       0x7d obj/default/lights.o
 .debug_line    0x00000000000000e9      0x203 c:/intelfpga/17.1/nios2eds/bin/gnu/h-x86_64-mingw32/bin/../lib/gcc/nios2-elf/5.3.0/../../../../../H-x86_64-mingw32/nios2-elf/lib/mno-hw-mul\libsmallc.a(lib_a-printf.o)
 .debug_line    0x00000000000002ec      0x1e9 c:/intelfpga/17.1/nios2eds/bin/gnu/h-x86_64-mingw32/bin/../lib/gcc/nios2-elf/5.3.0/../../../../../H-x86_64-mingw32/nios2-elf/lib/mno-hw-mul\libsmallc.a(lib_a-putchar.o)
 .debug_line    0x00000000000004d5      0x351 c:/intelfpga/17.1/nios2eds/bin/gnu/h-x86_64-mingw32/bin/../lib/gcc/nios2-elf/5.3.0/../../../../../H-x86_64-mingw32/nios2-elf/lib/mno-hw-mul\libsmallc.a(lib_a-vfprintf.o)
 .debug_line    0x0000000000000826      0x1f0 c:/intelfpga/17.1/nios2eds/bin/gnu/h-x86_64-mingw32/bin/../lib/gcc/nios2-elf/5.3.0/../../../../../H-x86_64-mingw32/nios2-elf/lib/mno-hw-mul\libsmallc.a(lib_a-fvwrite_small_dev.o)
 .debug_line    0x0000000000000a16      0x156 c:/intelfpga/17.1/nios2eds/bin/gnu/h-x86_64-mingw32/bin/../lib/gcc/nios2-elf/5.3.0/../../../../../H-x86_64-mingw32/nios2-elf/lib/mno-hw-mul\libsmallc.a(lib_a-impure.o)
 .debug_line    0x0000000000000b6c      0x202 c:/intelfpga/17.1/nios2eds/bin/gnu/h-x86_64-mingw32/bin/../lib/gcc/nios2-elf/5.3.0/../../../../../H-x86_64-mingw32/nios2-elf/lib/mno-hw-mul\libsmallc.a(lib_a-putc.o)
 .debug_line    0x0000000000000d6e      0x15c c:/intelfpga/17.1/nios2eds/bin/gnu/h-x86_64-mingw32/bin/../lib/gcc/nios2-elf/5.3.0/../../../../../H-x86_64-mingw32/nios2-elf/lib/mno-hw-mul\libsmallc.a(lib_a-strlen.o)
 .debug_line    0x0000000000000eca      0x1ed c:/intelfpga/17.1/nios2eds/bin/gnu/h-x86_64-mingw32/bin/../lib/gcc/nios2-elf/5.3.0/../../../../../H-x86_64-mingw32/nios2-elf/lib/mno-hw-mul\libsmallc.a(lib_a-writer.o)
 .debug_line    0x00000000000010b7       0x5f c:/intelfpga/17.1/nios2eds/bin/gnu/h-x86_64-mingw32/bin/../lib/gcc/nios2-elf/5.3.0/../../../../../H-x86_64-mingw32/nios2-elf/lib/mno-hw-mul\libsmallc.a(lib_a-int_errno.o)
 .debug_line    0x0000000000001116      0x105 c:/intelfpga/17.1/nios2eds/bin/gnu/h-x86_64-mingw32/bin/../lib/gcc/nios2-elf/5.3.0/mno-hw-mul\libgcc.a(lib2-divmod.o)
 .debug_line    0x000000000000121b       0x80 c:/intelfpga/17.1/nios2eds/bin/gnu/h-x86_64-mingw32/bin/../lib/gcc/nios2-elf/5.3.0/mno-hw-mul\libgcc.a(lib2-mul.o)
 .debug_line    0x000000000000129b       0x8e ../lights_bsp/\libhal_bsp.a(alt_load.o)
 .debug_line    0x0000000000001329       0x9e ../lights_bsp/\libhal_bsp.a(alt_main.o)
 .debug_line    0x00000000000013c7      0x1d1 ../lights_bsp/\libhal_bsp.a(alt_write.o)
 .debug_line    0x0000000000001598      0x142 ../lights_bsp/\libhal_bsp.a(alt_sys_init.o)
 .debug_line    0x00000000000016da      0x112 ../lights_bsp/\libhal_bsp.a(altera_avalon_jtag_uart_fd.o)
 .debug_line    0x00000000000017ec       0xfd ../lights_bsp/\libhal_bsp.a(altera_avalon_jtag_uart_read.o)
 .debug_line    0x00000000000018e9       0xf4 ../lights_bsp/\libhal_bsp.a(altera_avalon_jtag_uart_write.o)
 .debug_line    0x00000000000019dd       0xfd ../lights_bsp/\libhal_bsp.a(altera_avalon_timer_sc.o)
 .debug_line    0x0000000000001ada      0x160 ../lights_bsp/\libhal_bsp.a(alt_close.o)
 .debug_line    0x0000000000001c3a       0x51 ../lights_bsp/\libhal_bsp.a(alt_dcache_flush_all.o)
 .debug_line    0x0000000000001c8b       0xf3 ../lights_bsp/\libhal_bsp.a(alt_dev.o)
 .debug_line    0x0000000000001d7e       0xcf ../lights_bsp/\libhal_bsp.a(alt_dev_llist_insert.o)
 .debug_line    0x0000000000001e4d       0x51 ../lights_bsp/\libhal_bsp.a(alt_errno.o)
 .debug_line    0x0000000000001e9e       0x50 ../lights_bsp/\libhal_bsp.a(alt_icache_flush_all.o)
 .debug_line    0x0000000000001eee       0xeb ../lights_bsp/\libhal_bsp.a(alt_iic.o)
 .debug_line    0x0000000000001fd9       0xdb ../lights_bsp/\libhal_bsp.a(alt_iic_isr_register.o)
 .debug_line    0x00000000000020b4      0x130 ../lights_bsp/\libhal_bsp.a(alt_io_redirect.o)
 .debug_line    0x00000000000021e4       0x6b ../lights_bsp/\libhal_bsp.a(alt_irq_entry.o)
 .debug_line    0x000000000000224f       0xaa ../lights_bsp/\libhal_bsp.a(alt_irq_handler.o)
 .debug_line    0x00000000000022f9       0x50 ../lights_bsp/\libhal_bsp.a(alt_irq_vars.o)
 .debug_line    0x0000000000002349      0x12b ../lights_bsp/\libhal_bsp.a(alt_open.o)
 .debug_line    0x0000000000002474       0xb0 ../lights_bsp/\libhal_bsp.a(alt_release_fd.o)
 .debug_line    0x0000000000002524       0xff ../lights_bsp/\libhal_bsp.a(alt_tick.o)
 .debug_line    0x0000000000002623       0x51 ../lights_bsp/\libhal_bsp.a(altera_nios2_qsys_irq.o)
 .debug_line    0x0000000000002674       0xab ../lights_bsp/\libhal_bsp.a(alt_exception_entry.o)
 .debug_line    0x000000000000271f       0xb5 ../lights_bsp/\libhal_bsp.a(alt_find_dev.o)
 .debug_line    0x00000000000027d4       0xd1 ../lights_bsp/\libhal_bsp.a(alt_find_file.o)
 .debug_line    0x00000000000028a5       0xd7 ../lights_bsp/\libhal_bsp.a(alt_get_fd.o)
 .debug_line    0x000000000000297c       0x81 ../lights_bsp/\libhal_bsp.a(alt_icache_flush.o)
 .debug_line    0x00000000000029fd      0x159 c:/intelfpga/17.1/nios2eds/bin/gnu/h-x86_64-mingw32/bin/../lib/gcc/nios2-elf/5.3.0/../../../../../H-x86_64-mingw32/nios2-elf/lib/mno-hw-mul\libsmallc.a(lib_a-exit.o)
 .debug_line    0x0000000000002b56      0x160 c:/intelfpga/17.1/nios2eds/bin/gnu/h-x86_64-mingw32/bin/../lib/gcc/nios2-elf/5.3.0/../../../../../H-x86_64-mingw32/nios2-elf/lib/mno-hw-mul\libsmallc.a(lib_a-memcmp.o)
 .debug_line    0x0000000000002cb6      0x232 c:/intelfpga/17.1/nios2eds/bin/gnu/h-x86_64-mingw32/bin/../lib/gcc/nios2-elf/5.3.0/../../../../../H-x86_64-mingw32/nios2-elf/lib/mno-hw-mul\libsmallc.a(lib_a-__call_atexit.o)
 .debug_line    0x0000000000002ee8       0x71 ../lights_bsp/\libhal_bsp.a(alt_exit.o)

.debug_frame    0x0000000000000000      0xb10
 *(.debug_frame)
 .debug_frame   0x0000000000000000       0x2c obj/default/lights.o
 .debug_frame   0x000000000000002c       0x48 c:/intelfpga/17.1/nios2eds/bin/gnu/h-x86_64-mingw32/bin/../lib/gcc/nios2-elf/5.3.0/../../../../../H-x86_64-mingw32/nios2-elf/lib/mno-hw-mul\libsmallc.a(lib_a-printf.o)
 .debug_frame   0x0000000000000074       0x30 c:/intelfpga/17.1/nios2eds/bin/gnu/h-x86_64-mingw32/bin/../lib/gcc/nios2-elf/5.3.0/../../../../../H-x86_64-mingw32/nios2-elf/lib/mno-hw-mul\libsmallc.a(lib_a-putchar.o)
 .debug_frame   0x00000000000000a4       0x8c c:/intelfpga/17.1/nios2eds/bin/gnu/h-x86_64-mingw32/bin/../lib/gcc/nios2-elf/5.3.0/../../../../../H-x86_64-mingw32/nios2-elf/lib/mno-hw-mul\libsmallc.a(lib_a-vfprintf.o)
 .debug_frame   0x0000000000000130       0x58 c:/intelfpga/17.1/nios2eds/bin/gnu/h-x86_64-mingw32/bin/../lib/gcc/nios2-elf/5.3.0/../../../../../H-x86_64-mingw32/nios2-elf/lib/mno-hw-mul\libsmallc.a(lib_a-fvwrite_small_dev.o)
 .debug_frame   0x0000000000000188       0x50 c:/intelfpga/17.1/nios2eds/bin/gnu/h-x86_64-mingw32/bin/../lib/gcc/nios2-elf/5.3.0/../../../../../H-x86_64-mingw32/nios2-elf/lib/mno-hw-mul\libsmallc.a(lib_a-putc.o)
 .debug_frame   0x00000000000001d8       0x20 c:/intelfpga/17.1/nios2eds/bin/gnu/h-x86_64-mingw32/bin/../lib/gcc/nios2-elf/5.3.0/../../../../../H-x86_64-mingw32/nios2-elf/lib/mno-hw-mul\libsmallc.a(lib_a-strlen.o)
 .debug_frame   0x00000000000001f8       0x38 c:/intelfpga/17.1/nios2eds/bin/gnu/h-x86_64-mingw32/bin/../lib/gcc/nios2-elf/5.3.0/../../../../../H-x86_64-mingw32/nios2-elf/lib/mno-hw-mul\libsmallc.a(lib_a-writer.o)
 .debug_frame   0x0000000000000230       0x50 c:/intelfpga/17.1/nios2eds/bin/gnu/h-x86_64-mingw32/bin/../lib/gcc/nios2-elf/5.3.0/mno-hw-mul\libgcc.a(lib2-divmod.o)
 .debug_frame   0x0000000000000280       0x20 c:/intelfpga/17.1/nios2eds/bin/gnu/h-x86_64-mingw32/bin/../lib/gcc/nios2-elf/5.3.0/mno-hw-mul\libgcc.a(lib2-mul.o)
 .debug_frame   0x00000000000002a0       0x5c ../lights_bsp/\libhal_bsp.a(alt_load.o)
 .debug_frame   0x00000000000002fc       0x2c ../lights_bsp/\libhal_bsp.a(alt_main.o)
 .debug_frame   0x0000000000000328       0x60 ../lights_bsp/\libhal_bsp.a(alt_write.o)
 .debug_frame   0x0000000000000388       0x88 ../lights_bsp/\libhal_bsp.a(alt_sys_init.o)
 .debug_frame   0x0000000000000410       0x60 ../lights_bsp/\libhal_bsp.a(altera_avalon_jtag_uart_fd.o)
 .debug_frame   0x0000000000000470       0x34 ../lights_bsp/\libhal_bsp.a(altera_avalon_jtag_uart_read.o)
 .debug_frame   0x00000000000004a4       0x34 ../lights_bsp/\libhal_bsp.a(altera_avalon_jtag_uart_write.o)
 .debug_frame   0x00000000000004d8       0x60 ../lights_bsp/\libhal_bsp.a(altera_avalon_timer_sc.o)
 .debug_frame   0x0000000000000538       0x60 ../lights_bsp/\libhal_bsp.a(alt_close.o)
 .debug_frame   0x0000000000000598       0x34 ../lights_bsp/\libhal_bsp.a(alt_dcache_flush_all.o)
 .debug_frame   0x00000000000005cc       0x34 ../lights_bsp/\libhal_bsp.a(alt_dev.o)
 .debug_frame   0x0000000000000600       0x60 ../lights_bsp/\libhal_bsp.a(alt_dev_llist_insert.o)
 .debug_frame   0x0000000000000660       0x38 ../lights_bsp/\libhal_bsp.a(alt_icache_flush_all.o)
 .debug_frame   0x0000000000000698       0xa4 ../lights_bsp/\libhal_bsp.a(alt_iic.o)
 .debug_frame   0x000000000000073c       0x38 ../lights_bsp/\libhal_bsp.a(alt_iic_isr_register.o)
 .debug_frame   0x0000000000000774       0x64 ../lights_bsp/\libhal_bsp.a(alt_io_redirect.o)
 .debug_frame   0x00000000000007d8       0x38 ../lights_bsp/\libhal_bsp.a(alt_irq_handler.o)
 .debug_frame   0x0000000000000810       0x8c ../lights_bsp/\libhal_bsp.a(alt_open.o)
 .debug_frame   0x000000000000089c       0x3c ../lights_bsp/\libhal_bsp.a(alt_release_fd.o)
 .debug_frame   0x00000000000008d8       0x5c ../lights_bsp/\libhal_bsp.a(alt_tick.o)
 .debug_frame   0x0000000000000934       0x34 ../lights_bsp/\libhal_bsp.a(altera_nios2_qsys_irq.o)
 .debug_frame   0x0000000000000968       0x38 ../lights_bsp/\libhal_bsp.a(alt_find_dev.o)
 .debug_frame   0x00000000000009a0       0x38 ../lights_bsp/\libhal_bsp.a(alt_find_file.o)
 .debug_frame   0x00000000000009d8       0x3c ../lights_bsp/\libhal_bsp.a(alt_get_fd.o)
 .debug_frame   0x0000000000000a14       0x34 ../lights_bsp/\libhal_bsp.a(alt_icache_flush.o)
 .debug_frame   0x0000000000000a48       0x28 c:/intelfpga/17.1/nios2eds/bin/gnu/h-x86_64-mingw32/bin/../lib/gcc/nios2-elf/5.3.0/../../../../../H-x86_64-mingw32/nios2-elf/lib/mno-hw-mul\libsmallc.a(lib_a-exit.o)
 .debug_frame   0x0000000000000a70       0x20 c:/intelfpga/17.1/nios2eds/bin/gnu/h-x86_64-mingw32/bin/../lib/gcc/nios2-elf/5.3.0/../../../../../H-x86_64-mingw32/nios2-elf/lib/mno-hw-mul\libsmallc.a(lib_a-memcmp.o)
 .debug_frame   0x0000000000000a90       0x54 c:/intelfpga/17.1/nios2eds/bin/gnu/h-x86_64-mingw32/bin/../lib/gcc/nios2-elf/5.3.0/../../../../../H-x86_64-mingw32/nios2-elf/lib/mno-hw-mul\libsmallc.a(lib_a-__call_atexit.o)
 .debug_frame   0x0000000000000ae4       0x2c ../lights_bsp/\libhal_bsp.a(alt_exit.o)

.debug_str      0x0000000000000000     0x1874
 *(.debug_str)
 .debug_str     0x0000000000000000       0xed obj/default/lights.o
                                        0x12b (size before relaxing)
 .debug_str     0x00000000000000ed      0x431 c:/intelfpga/17.1/nios2eds/bin/gnu/h-x86_64-mingw32/bin/../lib/gcc/nios2-elf/5.3.0/../../../../../H-x86_64-mingw32/nios2-elf/lib/mno-hw-mul\libsmallc.a(lib_a-printf.o)
                                        0x504 (size before relaxing)
 .debug_str     0x000000000000051e       0x58 c:/intelfpga/17.1/nios2eds/bin/gnu/h-x86_64-mingw32/bin/../lib/gcc/nios2-elf/5.3.0/../../../../../H-x86_64-mingw32/nios2-elf/lib/mno-hw-mul\libsmallc.a(lib_a-putchar.o)
                                        0x4c1 (size before relaxing)
 .debug_str     0x0000000000000576      0x1ff c:/intelfpga/17.1/nios2eds/bin/gnu/h-x86_64-mingw32/bin/../lib/gcc/nios2-elf/5.3.0/../../../../../H-x86_64-mingw32/nios2-elf/lib/mno-hw-mul\libsmallc.a(lib_a-vfprintf.o)
                                        0x67f (size before relaxing)
 .debug_str     0x0000000000000775       0x78 c:/intelfpga/17.1/nios2eds/bin/gnu/h-x86_64-mingw32/bin/../lib/gcc/nios2-elf/5.3.0/../../../../../H-x86_64-mingw32/nios2-elf/lib/mno-hw-mul\libsmallc.a(lib_a-fvwrite_small_dev.o)
                                        0x4d4 (size before relaxing)
 .debug_str     0x00000000000007ed       0xef c:/intelfpga/17.1/nios2eds/bin/gnu/h-x86_64-mingw32/bin/../lib/gcc/nios2-elf/5.3.0/../../../../../H-x86_64-mingw32/nios2-elf/lib/mno-hw-mul\libsmallc.a(lib_a-impure.o)
                                        0x4be (size before relaxing)
 .debug_str     0x00000000000008dc       0x46 c:/intelfpga/17.1/nios2eds/bin/gnu/h-x86_64-mingw32/bin/../lib/gcc/nios2-elf/5.3.0/../../../../../H-x86_64-mingw32/nios2-elf/lib/mno-hw-mul\libsmallc.a(lib_a-putc.o)
                                        0x4cb (size before relaxing)
 .debug_str     0x0000000000000922       0xd2 c:/intelfpga/17.1/nios2eds/bin/gnu/h-x86_64-mingw32/bin/../lib/gcc/nios2-elf/5.3.0/../../../../../H-x86_64-mingw32/nios2-elf/lib/mno-hw-mul\libsmallc.a(lib_a-strlen.o)
                                        0x1e5 (size before relaxing)
 .debug_str     0x00000000000009f4       0x45 c:/intelfpga/17.1/nios2eds/bin/gnu/h-x86_64-mingw32/bin/../lib/gcc/nios2-elf/5.3.0/../../../../../H-x86_64-mingw32/nios2-elf/lib/mno-hw-mul\libsmallc.a(lib_a-writer.o)
                                        0x4b8 (size before relaxing)
 .debug_str     0x0000000000000a39       0x3f c:/intelfpga/17.1/nios2eds/bin/gnu/h-x86_64-mingw32/bin/../lib/gcc/nios2-elf/5.3.0/../../../../../H-x86_64-mingw32/nios2-elf/lib/mno-hw-mul\libsmallc.a(lib_a-int_errno.o)
                                        0x1d8 (size before relaxing)
 .debug_str     0x0000000000000a78      0x187 c:/intelfpga/17.1/nios2eds/bin/gnu/h-x86_64-mingw32/bin/../lib/gcc/nios2-elf/5.3.0/mno-hw-mul\libgcc.a(lib2-divmod.o)
                                        0x1d2 (size before relaxing)
 .debug_str     0x0000000000000bff       0x40 c:/intelfpga/17.1/nios2eds/bin/gnu/h-x86_64-mingw32/bin/../lib/gcc/nios2-elf/5.3.0/mno-hw-mul\libgcc.a(lib2-mul.o)
                                        0x193 (size before relaxing)
 .debug_str     0x0000000000000c3f      0x124 ../lights_bsp/\libhal_bsp.a(alt_load.o)
                                        0x20b (size before relaxing)
 .debug_str     0x0000000000000d63       0x70 ../lights_bsp/\libhal_bsp.a(alt_main.o)
                                        0x196 (size before relaxing)
 .debug_str     0x0000000000000dd3      0x15f ../lights_bsp/\libhal_bsp.a(alt_write.o)
                                        0x2f1 (size before relaxing)
 .debug_str     0x0000000000000f32      0x136 ../lights_bsp/\libhal_bsp.a(alt_sys_init.o)
                                        0x303 (size before relaxing)
 .debug_str     0x0000000000001068       0x77 ../lights_bsp/\libhal_bsp.a(altera_avalon_jtag_uart_fd.o)
                                        0x2ce (size before relaxing)
 .debug_str     0x00000000000010df       0x48 ../lights_bsp/\libhal_bsp.a(altera_avalon_jtag_uart_read.o)
                                        0x218 (size before relaxing)
 .debug_str     0x0000000000001127       0x4a ../lights_bsp/\libhal_bsp.a(altera_avalon_jtag_uart_write.o)
                                        0x20e (size before relaxing)
 .debug_str     0x0000000000001171       0xb6 ../lights_bsp/\libhal_bsp.a(altera_avalon_timer_sc.o)
                                        0x244 (size before relaxing)
 .debug_str     0x0000000000001227       0x1b ../lights_bsp/\libhal_bsp.a(alt_close.o)
                                        0x204 (size before relaxing)
 .debug_str     0x0000000000001242       0x34 ../lights_bsp/\libhal_bsp.a(alt_dcache_flush_all.o)
                                        0x14e (size before relaxing)
 .debug_str     0x0000000000001276       0x50 ../lights_bsp/\libhal_bsp.a(alt_dev.o)
                                        0x2fe (size before relaxing)
 .debug_str     0x00000000000012c6       0x4b ../lights_bsp/\libhal_bsp.a(alt_dev_llist_insert.o)
                                        0x1c5 (size before relaxing)
 .debug_str     0x0000000000001311       0x14 ../lights_bsp/\libhal_bsp.a(alt_errno.o)
                                        0x13e (size before relaxing)
 .debug_str     0x0000000000001325       0x34 ../lights_bsp/\libhal_bsp.a(alt_icache_flush_all.o)
                                        0x14e (size before relaxing)
 .debug_str     0x0000000000001359       0xc4 ../lights_bsp/\libhal_bsp.a(alt_iic.o)
                                        0x237 (size before relaxing)
 .debug_str     0x000000000000141d       0x4c ../lights_bsp/\libhal_bsp.a(alt_iic_isr_register.o)
                                        0x1e1 (size before relaxing)
 .debug_str     0x0000000000001469       0x56 ../lights_bsp/\libhal_bsp.a(alt_io_redirect.o)
                                        0x30f (size before relaxing)
 .debug_str     0x00000000000014bf       0x3a ../lights_bsp/\libhal_bsp.a(alt_irq_handler.o)
                                        0x190 (size before relaxing)
 .debug_str     0x00000000000014f9       0x17 ../lights_bsp/\libhal_bsp.a(alt_irq_vars.o)
                                        0x133 (size before relaxing)
 .debug_str     0x0000000000001510       0x2f ../lights_bsp/\libhal_bsp.a(alt_open.o)
                                        0x244 (size before relaxing)
 .debug_str     0x000000000000153f       0x28 ../lights_bsp/\libhal_bsp.a(alt_release_fd.o)
                                        0x1cc (size before relaxing)
 .debug_str     0x0000000000001567       0x78 ../lights_bsp/\libhal_bsp.a(alt_tick.o)
                                        0x24b (size before relaxing)
 .debug_str     0x00000000000015df       0x3b ../lights_bsp/\libhal_bsp.a(altera_nios2_qsys_irq.o)
                                        0x155 (size before relaxing)
 .debug_str     0x000000000000161a       0x24 ../lights_bsp/\libhal_bsp.a(alt_find_dev.o)
                                        0x1e5 (size before relaxing)
 .debug_str     0x000000000000163e       0x26 ../lights_bsp/\libhal_bsp.a(alt_find_file.o)
                                        0x1f3 (size before relaxing)
 .debug_str     0x0000000000001664       0x30 ../lights_bsp/\libhal_bsp.a(alt_get_fd.o)
                                        0x215 (size before relaxing)
 .debug_str     0x0000000000001694       0x2c ../lights_bsp/\libhal_bsp.a(alt_icache_flush.o)
                                        0x154 (size before relaxing)
 .debug_str     0x00000000000016c0       0xe1 c:/intelfpga/17.1/nios2eds/bin/gnu/h-x86_64-mingw32/bin/../lib/gcc/nios2-elf/5.3.0/../../../../../H-x86_64-mingw32/nios2-elf/lib/mno-hw-mul\libsmallc.a(lib_a-exit.o)
                                        0x1f0 (size before relaxing)
 .debug_str     0x00000000000017a1       0x44 c:/intelfpga/17.1/nios2eds/bin/gnu/h-x86_64-mingw32/bin/../lib/gcc/nios2-elf/5.3.0/../../../../../H-x86_64-mingw32/nios2-elf/lib/mno-hw-mul\libsmallc.a(lib_a-memcmp.o)
                                        0x1df (size before relaxing)
 .debug_str     0x00000000000017e5       0x65 c:/intelfpga/17.1/nios2eds/bin/gnu/h-x86_64-mingw32/bin/../lib/gcc/nios2-elf/5.3.0/../../../../../H-x86_64-mingw32/nios2-elf/lib/mno-hw-mul\libsmallc.a(lib_a-__call_atexit.o)
                                        0x4eb (size before relaxing)
 .debug_str     0x000000000000184a       0x2a ../lights_bsp/\libhal_bsp.a(alt_exit.o)
                                        0x14a (size before relaxing)

.debug_loc      0x0000000000000000     0x149e
 *(.debug_loc)
 .debug_loc     0x0000000000000000       0xc6 c:/intelfpga/17.1/nios2eds/bin/gnu/h-x86_64-mingw32/bin/../lib/gcc/nios2-elf/5.3.0/../../../../../H-x86_64-mingw32/nios2-elf/lib/mno-hw-mul\libsmallc.a(lib_a-printf.o)
 .debug_loc     0x00000000000000c6       0x81 c:/intelfpga/17.1/nios2eds/bin/gnu/h-x86_64-mingw32/bin/../lib/gcc/nios2-elf/5.3.0/../../../../../H-x86_64-mingw32/nios2-elf/lib/mno-hw-mul\libsmallc.a(lib_a-putchar.o)
 .debug_loc     0x0000000000000147      0x954 c:/intelfpga/17.1/nios2eds/bin/gnu/h-x86_64-mingw32/bin/../lib/gcc/nios2-elf/5.3.0/../../../../../H-x86_64-mingw32/nios2-elf/lib/mno-hw-mul\libsmallc.a(lib_a-vfprintf.o)
 .debug_loc     0x0000000000000a9b      0x110 c:/intelfpga/17.1/nios2eds/bin/gnu/h-x86_64-mingw32/bin/../lib/gcc/nios2-elf/5.3.0/../../../../../H-x86_64-mingw32/nios2-elf/lib/mno-hw-mul\libsmallc.a(lib_a-fvwrite_small_dev.o)
 .debug_loc     0x0000000000000bab       0xc6 c:/intelfpga/17.1/nios2eds/bin/gnu/h-x86_64-mingw32/bin/../lib/gcc/nios2-elf/5.3.0/../../../../../H-x86_64-mingw32/nios2-elf/lib/mno-hw-mul\libsmallc.a(lib_a-putc.o)
 .debug_loc     0x0000000000000c71       0x1e c:/intelfpga/17.1/nios2eds/bin/gnu/h-x86_64-mingw32/bin/../lib/gcc/nios2-elf/5.3.0/../../../../../H-x86_64-mingw32/nios2-elf/lib/mno-hw-mul\libsmallc.a(lib_a-strlen.o)
 .debug_loc     0x0000000000000c8f       0xa5 c:/intelfpga/17.1/nios2eds/bin/gnu/h-x86_64-mingw32/bin/../lib/gcc/nios2-elf/5.3.0/../../../../../H-x86_64-mingw32/nios2-elf/lib/mno-hw-mul\libsmallc.a(lib_a-writer.o)
 .debug_loc     0x0000000000000d34      0x4ce c:/intelfpga/17.1/nios2eds/bin/gnu/h-x86_64-mingw32/bin/../lib/gcc/nios2-elf/5.3.0/mno-hw-mul\libgcc.a(lib2-divmod.o)
 .debug_loc     0x0000000000001202       0x93 c:/intelfpga/17.1/nios2eds/bin/gnu/h-x86_64-mingw32/bin/../lib/gcc/nios2-elf/5.3.0/mno-hw-mul\libgcc.a(lib2-mul.o)
 .debug_loc     0x0000000000001295       0x1e c:/intelfpga/17.1/nios2eds/bin/gnu/h-x86_64-mingw32/bin/../lib/gcc/nios2-elf/5.3.0/../../../../../H-x86_64-mingw32/nios2-elf/lib/mno-hw-mul\libsmallc.a(lib_a-exit.o)
 .debug_loc     0x00000000000012b3       0x94 c:/intelfpga/17.1/nios2eds/bin/gnu/h-x86_64-mingw32/bin/../lib/gcc/nios2-elf/5.3.0/../../../../../H-x86_64-mingw32/nios2-elf/lib/mno-hw-mul\libsmallc.a(lib_a-memcmp.o)
 .debug_loc     0x0000000000001347      0x157 c:/intelfpga/17.1/nios2eds/bin/gnu/h-x86_64-mingw32/bin/../lib/gcc/nios2-elf/5.3.0/../../../../../H-x86_64-mingw32/nios2-elf/lib/mno-hw-mul\libsmallc.a(lib_a-__call_atexit.o)

.debug_macinfo
 *(.debug_macinfo)

.debug_weaknames
 *(.debug_weaknames)

.debug_funcnames
 *(.debug_funcnames)

.debug_typenames
 *(.debug_typenames)

.debug_varnames
 *(.debug_varnames)

.debug_alt_sim_info
                0x0000000000000000       0x20
 *(.debug_alt_sim_info)
 .debug_alt_sim_info
                0x0000000000000000       0x20 ../lights_bsp//obj/HAL/src/crt0.o
                0x000000000000d000                __alt_data_end = 0xd000
                0x000000000000d000                PROVIDE (__alt_stack_pointer, __alt_data_end)
                [!provide]                        PROVIDE (__alt_stack_limit, __alt_stack_base)
                [!provide]                        PROVIDE (__alt_heap_start, end)
                [!provide]                        PROVIDE (__alt_heap_limit, 0xd000)
OUTPUT(lights.elf elf32-littlenios2)

.debug_ranges   0x0000000000000000      0x2a0
 .debug_ranges  0x0000000000000000       0x20 ../lights_bsp//obj/HAL/src/crt0.o
 .debug_ranges  0x0000000000000020       0x18 c:/intelfpga/17.1/nios2eds/bin/gnu/h-x86_64-mingw32/bin/../lib/gcc/nios2-elf/5.3.0/../../../../../H-x86_64-mingw32/nios2-elf/lib/mno-hw-mul\libsmallc.a(lib_a-printf.o)
 .debug_ranges  0x0000000000000038       0x18 c:/intelfpga/17.1/nios2eds/bin/gnu/h-x86_64-mingw32/bin/../lib/gcc/nios2-elf/5.3.0/../../../../../H-x86_64-mingw32/nios2-elf/lib/mno-hw-mul\libsmallc.a(lib_a-putchar.o)
 .debug_ranges  0x0000000000000050       0xc8 c:/intelfpga/17.1/nios2eds/bin/gnu/h-x86_64-mingw32/bin/../lib/gcc/nios2-elf/5.3.0/../../../../../H-x86_64-mingw32/nios2-elf/lib/mno-hw-mul\libsmallc.a(lib_a-vfprintf.o)
 .debug_ranges  0x0000000000000118       0x28 c:/intelfpga/17.1/nios2eds/bin/gnu/h-x86_64-mingw32/bin/../lib/gcc/nios2-elf/5.3.0/../../../../../H-x86_64-mingw32/nios2-elf/lib/mno-hw-mul\libsmallc.a(lib_a-fvwrite_small_dev.o)
 .debug_ranges  0x0000000000000140       0x18 c:/intelfpga/17.1/nios2eds/bin/gnu/h-x86_64-mingw32/bin/../lib/gcc/nios2-elf/5.3.0/../../../../../H-x86_64-mingw32/nios2-elf/lib/mno-hw-mul\libsmallc.a(lib_a-putc.o)
 .debug_ranges  0x0000000000000158       0x10 c:/intelfpga/17.1/nios2eds/bin/gnu/h-x86_64-mingw32/bin/../lib/gcc/nios2-elf/5.3.0/../../../../../H-x86_64-mingw32/nios2-elf/lib/mno-hw-mul\libsmallc.a(lib_a-strlen.o)
 .debug_ranges  0x0000000000000168       0x10 c:/intelfpga/17.1/nios2eds/bin/gnu/h-x86_64-mingw32/bin/../lib/gcc/nios2-elf/5.3.0/../../../../../H-x86_64-mingw32/nios2-elf/lib/mno-hw-mul\libsmallc.a(lib_a-writer.o)
 .debug_ranges  0x0000000000000178       0x60 c:/intelfpga/17.1/nios2eds/bin/gnu/h-x86_64-mingw32/bin/../lib/gcc/nios2-elf/5.3.0/mno-hw-mul\libgcc.a(lib2-divmod.o)
 .debug_ranges  0x00000000000001d8       0x18 ../lights_bsp/\libhal_bsp.a(altera_avalon_jtag_uart_read.o)
 .debug_ranges  0x00000000000001f0       0x28 ../lights_bsp/\libhal_bsp.a(alt_irq_entry.o)
 .debug_ranges  0x0000000000000218       0x10 ../lights_bsp/\libhal_bsp.a(alt_irq_handler.o)
 .debug_ranges  0x0000000000000228       0x30 ../lights_bsp/\libhal_bsp.a(alt_exception_entry.o)
 .debug_ranges  0x0000000000000258       0x10 c:/intelfpga/17.1/nios2eds/bin/gnu/h-x86_64-mingw32/bin/../lib/gcc/nios2-elf/5.3.0/../../../../../H-x86_64-mingw32/nios2-elf/lib/mno-hw-mul\libsmallc.a(lib_a-exit.o)
 .debug_ranges  0x0000000000000268       0x10 c:/intelfpga/17.1/nios2eds/bin/gnu/h-x86_64-mingw32/bin/../lib/gcc/nios2-elf/5.3.0/../../../../../H-x86_64-mingw32/nios2-elf/lib/mno-hw-mul\libsmallc.a(lib_a-memcmp.o)
 .debug_ranges  0x0000000000000278       0x28 c:/intelfpga/17.1/nios2eds/bin/gnu/h-x86_64-mingw32/bin/../lib/gcc/nios2-elf/5.3.0/../../../../../H-x86_64-mingw32/nios2-elf/lib/mno-hw-mul\libsmallc.a(lib_a-__call_atexit.o)
